Archive member included to satisfy reference by file (symbol)

/home/kasper/SimplicityStudio_v5/developer/toolchains/gnu_arm/10.3_2021.10/bin/../lib/gcc/arm-none-eabi/10.3.1/thumb/v7-m/nofp/libgcc.a(_arm_muldf3.o)
                              ./game.o (__aeabi_dmul)
/home/kasper/SimplicityStudio_v5/developer/toolchains/gnu_arm/10.3_2021.10/bin/../lib/gcc/arm-none-eabi/10.3.1/thumb/v7-m/nofp/libgcc.a(_arm_addsubdf3.o)
                              ./game.o (__aeabi_dsub)
/home/kasper/SimplicityStudio_v5/developer/toolchains/gnu_arm/10.3_2021.10/bin/../lib/gcc/arm-none-eabi/10.3.1/thumb/v7-m/nofp/libgcc.a(_arm_truncdfsf2.o)
                              ./game.o (__aeabi_d2f)
/home/kasper/SimplicityStudio_v5/developer/toolchains/gnu_arm/10.3_2021.10/bin/../lib/gcc/arm-none-eabi/10.3.1/../../../../arm-none-eabi/lib/thumb/v7-m/nofp/libc_nano.a(lib_a-exit.o)
                              /home/kasper/SimplicityStudio_v5/developer/toolchains/gnu_arm/10.3_2021.10/bin/../lib/gcc/arm-none-eabi/10.3.1/../../../../arm-none-eabi/lib/thumb/v7-m/nofp/crt0.o (exit)
/home/kasper/SimplicityStudio_v5/developer/toolchains/gnu_arm/10.3_2021.10/bin/../lib/gcc/arm-none-eabi/10.3.1/../../../../arm-none-eabi/lib/thumb/v7-m/nofp/libc_nano.a(lib_a-impure.o)
                              /home/kasper/SimplicityStudio_v5/developer/toolchains/gnu_arm/10.3_2021.10/bin/../lib/gcc/arm-none-eabi/10.3.1/../../../../arm-none-eabi/lib/thumb/v7-m/nofp/libc_nano.a(lib_a-exit.o) (_global_impure_ptr)
/home/kasper/SimplicityStudio_v5/developer/toolchains/gnu_arm/10.3_2021.10/bin/../lib/gcc/arm-none-eabi/10.3.1/../../../../arm-none-eabi/lib/thumb/v7-m/nofp/libc_nano.a(lib_a-init.o)
                              /home/kasper/SimplicityStudio_v5/developer/toolchains/gnu_arm/10.3_2021.10/bin/../lib/gcc/arm-none-eabi/10.3.1/../../../../arm-none-eabi/lib/thumb/v7-m/nofp/crt0.o (__libc_init_array)
/home/kasper/SimplicityStudio_v5/developer/toolchains/gnu_arm/10.3_2021.10/bin/../lib/gcc/arm-none-eabi/10.3.1/../../../../arm-none-eabi/lib/thumb/v7-m/nofp/libc_nano.a(lib_a-memset.o)
                              /home/kasper/SimplicityStudio_v5/developer/toolchains/gnu_arm/10.3_2021.10/bin/../lib/gcc/arm-none-eabi/10.3.1/../../../../arm-none-eabi/lib/thumb/v7-m/nofp/crt0.o (memset)
/home/kasper/SimplicityStudio_v5/developer/toolchains/gnu_arm/10.3_2021.10/bin/../lib/gcc/arm-none-eabi/10.3.1/../../../../arm-none-eabi/lib/thumb/v7-m/nofp/libm.a(lib_a-s_cos.o)
                              ./game.o (cos)
/home/kasper/SimplicityStudio_v5/developer/toolchains/gnu_arm/10.3_2021.10/bin/../lib/gcc/arm-none-eabi/10.3.1/../../../../arm-none-eabi/lib/thumb/v7-m/nofp/libm.a(lib_a-s_sin.o)
                              ./game.o (sin)
/home/kasper/SimplicityStudio_v5/developer/toolchains/gnu_arm/10.3_2021.10/bin/../lib/gcc/arm-none-eabi/10.3.1/../../../../arm-none-eabi/lib/thumb/v7-m/nofp/libm.a(lib_a-e_rem_pio2.o)
                              /home/kasper/SimplicityStudio_v5/developer/toolchains/gnu_arm/10.3_2021.10/bin/../lib/gcc/arm-none-eabi/10.3.1/../../../../arm-none-eabi/lib/thumb/v7-m/nofp/libm.a(lib_a-s_cos.o) (__ieee754_rem_pio2)
/home/kasper/SimplicityStudio_v5/developer/toolchains/gnu_arm/10.3_2021.10/bin/../lib/gcc/arm-none-eabi/10.3.1/../../../../arm-none-eabi/lib/thumb/v7-m/nofp/libm.a(lib_a-k_cos.o)
                              /home/kasper/SimplicityStudio_v5/developer/toolchains/gnu_arm/10.3_2021.10/bin/../lib/gcc/arm-none-eabi/10.3.1/../../../../arm-none-eabi/lib/thumb/v7-m/nofp/libm.a(lib_a-s_cos.o) (__kernel_cos)
/home/kasper/SimplicityStudio_v5/developer/toolchains/gnu_arm/10.3_2021.10/bin/../lib/gcc/arm-none-eabi/10.3.1/../../../../arm-none-eabi/lib/thumb/v7-m/nofp/libm.a(lib_a-k_rem_pio2.o)
                              /home/kasper/SimplicityStudio_v5/developer/toolchains/gnu_arm/10.3_2021.10/bin/../lib/gcc/arm-none-eabi/10.3.1/../../../../arm-none-eabi/lib/thumb/v7-m/nofp/libm.a(lib_a-e_rem_pio2.o) (__kernel_rem_pio2)
/home/kasper/SimplicityStudio_v5/developer/toolchains/gnu_arm/10.3_2021.10/bin/../lib/gcc/arm-none-eabi/10.3.1/../../../../arm-none-eabi/lib/thumb/v7-m/nofp/libm.a(lib_a-k_sin.o)
                              /home/kasper/SimplicityStudio_v5/developer/toolchains/gnu_arm/10.3_2021.10/bin/../lib/gcc/arm-none-eabi/10.3.1/../../../../arm-none-eabi/lib/thumb/v7-m/nofp/libm.a(lib_a-s_cos.o) (__kernel_sin)
/home/kasper/SimplicityStudio_v5/developer/toolchains/gnu_arm/10.3_2021.10/bin/../lib/gcc/arm-none-eabi/10.3.1/../../../../arm-none-eabi/lib/thumb/v7-m/nofp/libm.a(lib_a-s_fabs.o)
                              /home/kasper/SimplicityStudio_v5/developer/toolchains/gnu_arm/10.3_2021.10/bin/../lib/gcc/arm-none-eabi/10.3.1/../../../../arm-none-eabi/lib/thumb/v7-m/nofp/libm.a(lib_a-e_rem_pio2.o) (fabs)
/home/kasper/SimplicityStudio_v5/developer/toolchains/gnu_arm/10.3_2021.10/bin/../lib/gcc/arm-none-eabi/10.3.1/../../../../arm-none-eabi/lib/thumb/v7-m/nofp/libm.a(lib_a-s_floor.o)
[...]
Memory Configuration

Name             Origin             Length             Attributes
FLASH            0x0000000000000000 0x0000000000100000 xr
RAM              0x0000000020000000 0x0000000000020000 xrw
*default*        0x0000000000000000 0xffffffffffffffff

Linker script and memory map

LOAD /home/kasper/SimplicityStudio_v5/developer/toolchains/gnu_arm/10.3_2021.10/bin/../lib/gcc/arm-none-eabi/10.3.1/thumb/v7-m/nofp/crti.o
LOAD /home/kasper/SimplicityStudio_v5/developer/toolchains/gnu_arm/10.3_2021.10/bin/../lib/gcc/arm-none-eabi/10.3.1/thumb/v7-m/nofp/crtbegin.o
LOAD /home/kasper/SimplicityStudio_v5/developer/toolchains/gnu_arm/10.3_2021.10/bin/../lib/gcc/arm-none-eabi/10.3.1/../../../../arm-none-eabi/lib/thumb/v7-m/nofp/crt0.o
START GROUP
LOAD ./autogen/sl_board_default_init.o
LOAD ./autogen/sl_device_init_clocks.o
LOAD ./autogen/sl_event_handler.o
LOAD ./game.o
LOAD ./main.o
LOAD ./spi.o
LOAD ./usart.o
LOAD ./gecko_sdk_4.1.1/hardware/board/src/sl_board_control_gpio.o
LOAD ./gecko_sdk_4.1.1/hardware/board/src/sl_board_init.o
LOAD ./gecko_sdk_4.1.1/platform/Device/SiliconLabs/EFM32GG/Source/startup_efm32gg.o
LOAD ./gecko_sdk_4.1.1/platform/Device/SiliconLabs/EFM32GG/Source/system_efm32gg.o
LOAD ./gecko_sdk_4.1.1/platform/common/src/sl_assert.o
LOAD ./gecko_sdk_4.1.1/platform/common/toolchain/src/sl_memory.o
LOAD ./gecko_sdk_4.1.1/platform/emlib/src/em_cmu.o
LOAD ./gecko_sdk_4.1.1/platform/emlib/src/em_core.o
LOAD ./gecko_sdk_4.1.1/platform/emlib/src/em_emu.o
LOAD ./gecko_sdk_4.1.1/platform/emlib/src/em_gpio.o
LOAD ./gecko_sdk_4.1.1/platform/emlib/src/em_msc.o
LOAD ./gecko_sdk_4.1.1/platform/emlib/src/em_system.o
LOAD ./gecko_sdk_4.1.1/platform/service/device_init/src/sl_device_init_emu_s0.o
LOAD ./gecko_sdk_4.1.1/platform/service/device_init/src/sl_device_init_hfxo_s0.o
LOAD ./gecko_sdk_4.1.1/platform/service/device_init/src/sl_device_init_lfxo_s0.o
LOAD ./gecko_sdk_4.1.1/platform/service/device_init/src/sl_device_init_nvic.o
LOAD ./gecko_sdk_4.1.1/platform/service/system/src/sl_system_init.o
LOAD ./gecko_sdk_4.1.1/platform/service/system/src/sl_system_process_action.o
LOAD /home/kasper/SimplicityStudio_v5/developer/toolchains/gnu_arm/10.3_2021.10/bin/../lib/gcc/arm-none-eabi/10.3.1/thumb/v7-m/nofp/libgcc.a
LOAD /home/kasper/SimplicityStudio_v5/developer/toolchains/gnu_arm/10.3_2021.10/bin/../lib/gcc/arm-none-eabi/10.3.1/../../../../arm-none-eabi/lib/thumb/v7-m/nofp/libc_nano.a
LOAD /home/kasper/SimplicityStudio_v5/developer/toolchains/gnu_arm/10.3_2021.10/bin/../lib/gcc/arm-none-eabi/10.3.1/../../../../arm-none-eabi/lib/thumb/v7-m/nofp/libm.a
LOAD /home/kasper/SimplicityStudio_v5/developer/toolchains/gnu_arm/10.3_2021.10/bin/../lib/gcc/arm-none-eabi/10.3.1/../../../../arm-none-eabi/lib/thumb/v7-m/nofp/libnosys.a
END GROUP
START GROUP
LOAD /home/kasper/SimplicityStudio_v5/developer/toolchains/gnu_arm/10.3_2021.10/bin/../lib/gcc/arm-none-eabi/10.3.1/thumb/v7-m/nofp/libgcc.a
LOAD /home/kasper/SimplicityStudio_v5/developer/toolchains/gnu_arm/10.3_2021.10/bin/../lib/gcc/arm-none-eabi/10.3.1/../../../../arm-none-eabi/lib/thumb/v7-m/nofp/libc_nano.a
LOAD /home/kasper/SimplicityStudio_v5/developer/toolchains/gnu_arm/10.3_2021.10/bin/../lib/gcc/arm-none-eabi/10.3.1/../../../../arm-none-eabi/lib/thumb/v7-m/nofp/libnosys.a
END GROUP
START GROUP
LOAD /home/kasper/SimplicityStudio_v5/developer/toolchains/gnu_arm/10.3_2021.10/bin/../lib/gcc/arm-none-eabi/10.3.1/thumb/v7-m/nofp/libgcc.a
LOAD /home/kasper/SimplicityStudio_v5/developer/toolchains/gnu_arm/10.3_2021.10/bin/../lib/gcc/arm-none-eabi/10.3.1/../../../../arm-none-eabi/lib/thumb/v7-m/nofp/libg_nano.a
LOAD /home/kasper/SimplicityStudio_v5/developer/toolchains/gnu_arm/10.3_2021.10/bin/../lib/gcc/arm-none-eabi/10.3.1/../../../../arm-none-eabi/lib/thumb/v7-m/nofp/libc_nano.a
END GROUP
START GROUP
LOAD /home/kasper/SimplicityStudio_v5/developer/toolchains/gnu_arm/10.3_2021.10/bin/../lib/gcc/arm-none-eabi/10.3.1/thumb/v7-m/nofp/libgcc.a
LOAD /home/kasper/SimplicityStudio_v5/developer/toolchains/gnu_arm/10.3_2021.10/bin/../lib/gcc/arm-none-eabi/10.3.1/../../../../arm-none-eabi/lib/thumb/v7-m/nofp/libc_nano.a
END GROUP
LOAD /home/kasper/SimplicityStudio_v5/developer/toolchains/gnu_arm/10.3_2021.10/bin/../lib/gcc/arm-none-eabi/10.3.1/thumb/v7-m/nofp/crtend.o
LOAD /home/kasper/SimplicityStudio_v5/developer/toolchains/gnu_arm/10.3_2021.10/bin/../lib/gcc/arm-none-eabi/10.3.1/thumb/v7-m/nofp/crtn.o

.text           0x0000000000000000     0x11dc
                0x0000000000000000                linker_vectors_begin = .
 *(.vectors)
 .vectors       0x0000000000000000       0xdc ./gecko_sdk_4.1.1/platform/Device/SiliconLabs/EFM32GG/Source/startup_efm32gg.o
                0x0000000000000000                __Vectors
                0x00000000000000dc                linker_vectors_end = .
                0x00000000000000dc                __Vectors_End = .
                0x00000000000000dc                __Vectors_Size = (__Vectors_End - __Vectors)
                0x00000000000000dc                linker_code_begin = .
 *(.text*)
 .text          0x00000000000000dc       0x40 /home/kasper/SimplicityStudio_v5/developer/toolchains/gnu_arm/10.3_2021.10/bin/../lib/gcc/arm-none-eabi/10.3.1/thumb/v7-m/nofp/crtbegin.o
 .text          0x000000000000011c       0x7c /home/kasper/SimplicityStudio_v5/developer/toolchains/gnu_arm/10.3_2021.10/bin/../lib/gcc/arm-none-eabi/10.3.1/../../../../arm-none-eabi/lib/thumb/v7-m/nofp/crt0.o
                0x000000000000011c                _stack_init
                0x0000000000000124                _mainCRTStartup
                0x0000000000000124                _start
 .text.sl_board_default_init
                0x0000000000000198        0x2 ./autogen/sl_board_default_init.o
                0x0000000000000198                sl_board_default_init
 *fill*         0x000000000000019a        0x2 
 .text.sl_device_init_clocks
                0x000000000000019c       0x34 ./autogen/sl_device_init_clocks.o
                0x000000000000019c                sl_device_init_clocks
 .text.sl_platform_init
                0x00000000000001d0       0x70 ./autogen/sl_event_handler.o
                0x00000000000001d0                sl_platform_init
 .text.sl_driver_init
                0x0000000000000240        0x2 ./autogen/sl_event_handler.o
                0x0000000000000240                sl_driver_init
 .text.sl_service_init
                0x0000000000000242        0x4 ./autogen/sl_event_handler.o
                0x0000000000000242                sl_service_init
 .text.sl_stack_init
                0x0000000000000246        0x2 ./autogen/sl_event_handler.o
                0x0000000000000246                sl_stack_init
 .text.sl_internal_app_init
                0x0000000000000248        0x2 ./autogen/sl_event_handler.o
                0x0000000000000248                sl_internal_app_init
 .text.sl_platform_process_action
                0x000000000000024a        0x2 ./autogen/sl_event_handler.o
                0x000000000000024a                sl_platform_process_action
 .text.sl_service_process_action
                0x000000000000024c        0x2 ./autogen/sl_event_handler.o
                0x000000000000024c                sl_service_process_action
 .text.sl_stack_process_action
                0x000000000000024e        0x2 ./autogen/sl_event_handler.o
                0x000000000000024e                sl_stack_process_action
 .text.sl_internal_app_process_action
                0x0000000000000250        0x2 ./autogen/sl_event_handler.o
                0x0000000000000250                sl_internal_app_process_action
 *fill*         0x0000000000000252        0x2 
 .text.init     0x0000000000000254       0x34 ./main.o
                0x0000000000000254                init
 .text.startup.main
                0x0000000000000288       0x80 ./main.o
                0x0000000000000288                main
 .text.SPI_setup
                0x0000000000000308      0x1ba ./spi.o
                0x0000000000000308                SPI_setup
 *fill*         0x00000000000004c2        0x2 
 .text.SPI1_setupRXInt
                0x00000000000004c4       0x40 ./spi.o
                0x00000000000004c4                SPI1_setupRXInt
 .text.USART1_RX_IRQHandler
                0x0000000000000504       0x38 ./spi.o
                0x0000000000000504                USART1_RX_IRQHandler
 .text.USART1_TX_IRQHandler
                0x000000000000053c       0x44 ./spi.o
                0x000000000000053c                USART1_TX_IRQHandler
 .text.USART2_RX_IRQHandler
                0x0000000000000580       0x40 ./spi.o
                0x0000000000000580                USART2_RX_IRQHandler
 .text.USART1_sendBuffer
                0x00000000000005c0       0x2c ./usart.o
                0x00000000000005c0                USART1_sendBuffer
 .text.sl_board_configure_vcom
                0x00000000000005ec        0x4 ./gecko_sdk_4.1.1/hardware/board/src/sl_board_control_gpio.o
                0x00000000000005ec                sl_board_configure_vcom
 .text.sl_board_init
                0x00000000000005f0       0x18 ./gecko_sdk_4.1.1/hardware/board/src/sl_board_init.o
                0x00000000000005f0                sl_board_init
 .text.sl_board_preinit
                0x0000000000000608        0xc ./gecko_sdk_4.1.1/hardware/board/src/sl_board_init.o
                0x0000000000000608                sl_board_preinit
 .text.Default_Handler
                0x0000000000000614        0x2 ./gecko_sdk_4.1.1/platform/Device/SiliconLabs/EFM32GG/Source/startup_efm32gg.o
                0x0000000000000614                TIMER2_IRQHandler
                0x0000000000000614                DebugMon_Handler
                0x0000000000000614                USART0_TX_IRQHandler
                0x0000000000000614                I2C0_IRQHandler
                0x0000000000000614                HardFault_Handler
                0x0000000000000614                LEUART1_IRQHandler
                0x0000000000000614                SysTick_Handler
                0x0000000000000614                PendSV_Handler
                0x0000000000000614                NMI_Handler
                0x0000000000000614                I2C1_IRQHandler
                0x0000000000000614                TIMER3_IRQHandler
                0x0000000000000614                MSC_IRQHandler
                0x0000000000000614                ADC0_IRQHandler
                0x0000000000000614                UsageFault_Handler
                0x0000000000000614                LEUART0_IRQHandler
                0x0000000000000614                GPIO_EVEN_IRQHandler
                0x0000000000000614                UART0_TX_IRQHandler
                0x0000000000000614                UART1_TX_IRQHandler
                0x0000000000000614                RTC_IRQHandler
                0x0000000000000614                TIMER0_IRQHandler
                0x0000000000000614                LCD_IRQHandler
                0x0000000000000614                PCNT2_IRQHandler
                0x0000000000000614                UART0_RX_IRQHandler
                0x0000000000000614                LETIMER0_IRQHandler
                0x0000000000000614                TIMER1_IRQHandler
                0x0000000000000614                Default_Handler
                0x0000000000000614                EMU_IRQHandler
                0x0000000000000614                PCNT0_IRQHandler
                0x0000000000000614                sl_app_properties
                0x0000000000000614                USB_IRQHandler
                0x0000000000000614                BURTC_IRQHandler
                0x0000000000000614                PCNT1_IRQHandler
                0x0000000000000614                ACMP0_IRQHandler
                0x0000000000000614                USART0_RX_IRQHandler
                0x0000000000000614                MemManage_Handler
                0x0000000000000614                SVC_Handler
                0x0000000000000614                DAC0_IRQHandler
                0x0000000000000614                UART1_RX_IRQHandler
                0x0000000000000614                CMU_IRQHandler
                0x0000000000000614                EBI_IRQHandler
                0x0000000000000614                GPIO_ODD_IRQHandler
                0x0000000000000614                LESENSE_IRQHandler
                0x0000000000000614                AES_IRQHandler
                0x0000000000000614                VCMP_IRQHandler
                0x0000000000000614                DMA_IRQHandler
                0x0000000000000614                BusFault_Handler
                0x0000000000000614                USART2_TX_IRQHandler
 *fill*         0x0000000000000616        0x2 
 .text.Reset_Handler
                0x0000000000000618       0x60 ./gecko_sdk_4.1.1/platform/Device/SiliconLabs/EFM32GG/Source/startup_efm32gg.o
                0x0000000000000618                Reset_Handler
 .text.SystemMaxCoreClockGet
                0x0000000000000678        0x8 ./gecko_sdk_4.1.1/platform/Device/SiliconLabs/EFM32GG/Source/system_efm32gg.o
                0x0000000000000678                SystemMaxCoreClockGet
 .text.SystemHFClockGet
                0x0000000000000680       0xc8 ./gecko_sdk_4.1.1/platform/Device/SiliconLabs/EFM32GG/Source/system_efm32gg.o
                0x0000000000000680                SystemHFClockGet
 .text.SystemCoreClockGet
                0x0000000000000748       0x20 ./gecko_sdk_4.1.1/platform/Device/SiliconLabs/EFM32GG/Source/system_efm32gg.o
                0x0000000000000748                SystemCoreClockGet
 .text.SystemHFXOClockGet
                0x0000000000000768        0xc ./gecko_sdk_4.1.1/platform/Device/SiliconLabs/EFM32GG/Source/system_efm32gg.o
                0x0000000000000768                SystemHFXOClockGet
 .text.SystemHFXOClockSet
                0x0000000000000774       0x1c ./gecko_sdk_4.1.1/platform/Device/SiliconLabs/EFM32GG/Source/system_efm32gg.o
                0x0000000000000774                SystemHFXOClockSet
 .text.SystemInit
                0x0000000000000790       0x10 ./gecko_sdk_4.1.1/platform/Device/SiliconLabs/EFM32GG/Source/system_efm32gg.o
                0x0000000000000790                SystemInit
 .text.assertEFM
                0x00000000000007a0        0x2 ./gecko_sdk_4.1.1/platform/common/src/sl_assert.o
                0x00000000000007a0                assertEFM
 *fill*         0x00000000000007a2        0x2 
 .text.syncReg  0x00000000000007a4       0x14 ./gecko_sdk_4.1.1/platform/emlib/src/em_cmu.o
 .text.maxFreqHfle
                0x00000000000007b8       0x6c ./gecko_sdk_4.1.1/platform/emlib/src/em_cmu.o
 .text.setHfLeConfig
                0x0000000000000824       0x40 ./gecko_sdk_4.1.1/platform/emlib/src/em_cmu.o
 .text.flashWaitStateControl.constprop.0
                0x0000000000000864       0x60 ./gecko_sdk_4.1.1/platform/emlib/src/em_cmu.o
 .text.flashWaitStateMax
                0x00000000000008c4       0x24 ./gecko_sdk_4.1.1/platform/emlib/src/em_cmu.o
 .text.CMU_UpdateWaitStates
                0x00000000000008e8       0x20 ./gecko_sdk_4.1.1/platform/emlib/src/em_cmu.o
                0x00000000000008e8                CMU_UpdateWaitStates
 .text.CMU_ClockEnable
                0x0000000000000908       0x90 ./gecko_sdk_4.1.1/platform/emlib/src/em_cmu.o
                0x0000000000000908                CMU_ClockEnable
 .text.CMU_ClockSelectGet
                0x0000000000000998       0xcc ./gecko_sdk_4.1.1/platform/emlib/src/em_cmu.o
                0x0000000000000998                CMU_ClockSelectGet
 .text.CMU_HFXOInit
                0x0000000000000a64       0x50 ./gecko_sdk_4.1.1/platform/emlib/src/em_cmu.o
                0x0000000000000a64                CMU_HFXOInit
 .text.CMU_LFXOInit
                0x0000000000000ab4       0x74 ./gecko_sdk_4.1.1/platform/emlib/src/em_cmu.o
                0x0000000000000ab4                CMU_LFXOInit
 .text.CMU_LFXOPrecisionSet
                0x0000000000000b28        0xc ./gecko_sdk_4.1.1/platform/emlib/src/em_cmu.o
                0x0000000000000b28                CMU_LFXOPrecisionSet
 .text.CMU_OscillatorEnable
                0x0000000000000b34       0x58 ./gecko_sdk_4.1.1/platform/emlib/src/em_cmu.o
                0x0000000000000b34                CMU_OscillatorEnable
 .text.CMU_ClockSelectSet
                0x0000000000000b8c      0x1c0 ./gecko_sdk_4.1.1/platform/emlib/src/em_cmu.o
                0x0000000000000b8c                CMU_ClockSelectSet
 .text.CORE_EnterCritical
                0x0000000000000d4c        0x8 ./gecko_sdk_4.1.1/platform/emlib/src/em_core.o
                0x0000000000000d4c                CORE_EnterCritical
 .text.CORE_ExitCritical
                0x0000000000000d54        0x6 ./gecko_sdk_4.1.1/platform/emlib/src/em_core.o
                0x0000000000000d54                CORE_ExitCritical
 *fill*         0x0000000000000d5a        0x2 
 .text.EMU_EM4Init
                0x0000000000000d5c       0x30 ./gecko_sdk_4.1.1/platform/emlib/src/em_emu.o
                0x0000000000000d5c                EMU_EM4Init
 .text.GPIO_PinOutSet
                0x0000000000000d8c       0x44 ./gecko_sdk_4.1.1/platform/emlib/src/em_gpio.o
 .text.GPIO_PinOutClear
                0x0000000000000dd0       0x44 ./gecko_sdk_4.1.1/platform/emlib/src/em_gpio.o
 .text.BUS_RegMaskedWrite
                0x0000000000000e14       0x1e ./gecko_sdk_4.1.1/platform/emlib/src/em_gpio.o
 *fill*         0x0000000000000e32        0x2 
 .text.GPIO_PinModeSet
                0x0000000000000e34       0x94 ./gecko_sdk_4.1.1/platform/emlib/src/em_gpio.o
                0x0000000000000e34                GPIO_PinModeSet
 .text.SYSTEM_ChipRevisionGet
                0x0000000000000ec8       0x50 ./gecko_sdk_4.1.1/platform/emlib/src/em_system.o
                0x0000000000000ec8                SYSTEM_ChipRevisionGet
 .text.sl_device_init_emu
                0x0000000000000f18       0x20 ./gecko_sdk_4.1.1/platform/service/device_init/src/sl_device_init_emu_s0.o
                0x0000000000000f18                sl_device_init_emu
 .text.sl_device_init_hfxo
                0x0000000000000f38       0x24 ./gecko_sdk_4.1.1/platform/service/device_init/src/sl_device_init_hfxo_s0.o
                0x0000000000000f38                sl_device_init_hfxo
 .text.sl_device_init_lfxo
                0x0000000000000f5c       0x24 ./gecko_sdk_4.1.1/platform/service/device_init/src/sl_device_init_lfxo_s0.o
                0x0000000000000f5c                sl_device_init_lfxo
 .text.sl_device_init_nvic
                0x0000000000000f80       0x3c ./gecko_sdk_4.1.1/platform/service/device_init/src/sl_device_init_nvic.o
                0x0000000000000f80                sl_device_init_nvic
 .text.sl_system_init
                0x0000000000000fbc       0x1a ./gecko_sdk_4.1.1/platform/service/system/src/sl_system_init.o
                0x0000000000000fbc                sl_system_init
 .text.sl_system_process_action
                0x0000000000000fd6       0x16 ./gecko_sdk_4.1.1/platform/service/system/src/sl_system_process_action.o
                0x0000000000000fd6                sl_system_process_action
 .text.exit     0x0000000000000fec       0x28 /home/kasper/SimplicityStudio_v5/developer/toolchains/gnu_arm/10.3_2021.10/bin/../lib/gcc/arm-none-eabi/10.3.1/../../../../arm-none-eabi/lib/thumb/v7-m/nofp/libc_nano.a(lib_a-exit.o)
                0x0000000000000fec                exit
 .text.__libc_init_array
                0x0000000000001014       0x48 /home/kasper/SimplicityStudio_v5/developer/toolchains/gnu_arm/10.3_2021.10/bin/../lib/gcc/arm-none-eabi/10.3.1/../../../../arm-none-eabi/lib/thumb/v7-m/nofp/libc_nano.a(lib_a-init.o)
                0x0000000000001014                __libc_init_array
 .text.memset   0x000000000000105c       0x10 /home/kasper/SimplicityStudio_v5/developer/toolchains/gnu_arm/10.3_2021.10/bin/../lib/gcc/arm-none-eabi/10.3.1/../../../../arm-none-eabi/lib/thumb/v7-m/nofp/libc_nano.a(lib_a-memset.o)
                0x000000000000105c                memset
 .text._exit    0x000000000000106c        0x4 /home/kasper/SimplicityStudio_v5/developer/toolchains/gnu_arm/10.3_2021.10/bin/../lib/gcc/arm-none-eabi/10.3.1/../../../../arm-none-eabi/lib/thumb/v7-m/nofp/libnosys.a(_exit.o)
                0x000000000000106c                _exit
                0x0000000000001070                linker_code_end = .
 *(.init)
 .init          0x0000000000001070        0x4 /home/kasper/SimplicityStudio_v5/developer/toolchains/gnu_arm/10.3_2021.10/bin/../lib/gcc/arm-none-eabi/10.3.1/thumb/v7-m/nofp/crti.o
                0x0000000000001070                _init
 .init          0x0000000000001074        0x8 /home/kasper/SimplicityStudio_v5/developer/toolchains/gnu_arm/10.3_2021.10/bin/../lib/gcc/arm-none-eabi/10.3.1/thumb/v7-m/nofp/crtn.o
 *(.fini)
 .fini          0x000000000000107c        0x4 /home/kasper/SimplicityStudio_v5/developer/toolchains/gnu_arm/10.3_2021.10/bin/../lib/gcc/arm-none-eabi/10.3.1/thumb/v7-m/nofp/crti.o
                0x000000000000107c                _fini
 .fini          0x0000000000001080        0x8 /home/kasper/SimplicityStudio_v5/developer/toolchains/gnu_arm/10.3_2021.10/bin/../lib/gcc/arm-none-eabi/10.3.1/thumb/v7-m/nofp/crtn.o
 *crtbegin.o(.ctors)
 *crtbegin?.o(.ctors)
 *(EXCLUDE_FILE(*crtend.o *crtend?.o) .ctors)
 *(SORT_BY_NAME(.ctors.*))
 *(.ctors)
 *crtbegin.o(.dtors)
 *crtbegin?.o(.dtors)
 *(EXCLUDE_FILE(*crtend.o *crtend?.o) .dtors)
 *(SORT_BY_NAME(.dtors.*))
 *(.dtors)
 *(.rodata*)
 .rodata.auxClkGet.str1.1
                0x0000000000001088       0x49 ./gecko_sdk_4.1.1/platform/emlib/src/em_cmu.o
 .rodata.CSWTCH.42
                0x00000000000010d1        0x3 ./gecko_sdk_4.1.1/platform/emlib/src/em_cmu.o
 .rodata.CSWTCH.57
                0x00000000000010d4        0x5 ./gecko_sdk_4.1.1/platform/emlib/src/em_cmu.o
 *fill*         0x00000000000010d9        0x1 
 .rodata.CSWTCH.58
                0x00000000000010da        0xa ./gecko_sdk_4.1.1/platform/emlib/src/em_cmu.o
 .rodata.CSWTCH.59
                0x00000000000010e4        0xa ./gecko_sdk_4.1.1/platform/emlib/src/em_cmu.o
 .rodata.GPIO_PinOutSet.str1.1
                0x00000000000010ee       0x4b ./gecko_sdk_4.1.1/platform/emlib/src/em_gpio.o
 .rodata.GPIO_DbgLocationSet.str1.1
                0x0000000000001139       0x4a ./gecko_sdk_4.1.1/platform/emlib/src/em_gpio.o
 .rodata.SYSTEM_ChipRevisionGet.str1.1
                0x0000000000001183       0x4c ./gecko_sdk_4.1.1/platform/emlib/src/em_system.o
 .rodata        0x00000000000011cf        0x5 ./gecko_sdk_4.1.1/platform/service/device_init/src/sl_device_init_emu_s0.o
 .rodata        0x00000000000011d4        0x4 ./gecko_sdk_4.1.1/platform/service/device_init/src/sl_device_init_hfxo_s0.o
 .rodata._global_impure_ptr
                0x00000000000011d8        0x4 /home/kasper/SimplicityStudio_v5/developer/toolchains/gnu_arm/10.3_2021.10/bin/../lib/gcc/arm-none-eabi/10.3.1/../../../../arm-none-eabi/lib/thumb/v7-m/nofp/libc_nano.a(lib_a-impure.o)
                0x00000000000011d8                _global_impure_ptr
 *(.eh_frame*)
 .eh_frame      0x00000000000011dc        0x0 /home/kasper/SimplicityStudio_v5/developer/toolchains/gnu_arm/10.3_2021.10/bin/../lib/gcc/arm-none-eabi/10.3.1/thumb/v7-m/nofp/crtbegin.o

.glue_7         0x00000000000011dc        0x0
 .glue_7        0x00000000000011dc        0x0 linker stubs

.glue_7t        0x00000000000011dc        0x0
 .glue_7t       0x00000000000011dc        0x0 linker stubs

.vfp11_veneer   0x00000000000011dc        0x0
 .vfp11_veneer  0x00000000000011dc        0x0 linker stubs

.v4_bx          0x00000000000011dc        0x0
 .v4_bx         0x00000000000011dc        0x0 linker stubs

.iplt           0x00000000000011dc        0x0
 .iplt          0x00000000000011dc        0x0 /home/kasper/SimplicityStudio_v5/developer/toolchains/gnu_arm/10.3_2021.10/bin/../lib/gcc/arm-none-eabi/10.3.1/thumb/v7-m/nofp/crtbegin.o

.ARM.extab
 *(.ARM.extab* .gnu.linkonce.armextab.*)
                0x00000000000011dc                __exidx_start = .

.ARM.exidx      0x00000000000011dc        0x8
 *(.ARM.exidx* .gnu.linkonce.armexidx.*)
 .ARM.exidx     0x00000000000011dc        0x8 /home/kasper/SimplicityStudio_v5/developer/toolchains/gnu_arm/10.3_2021.10/bin/../lib/gcc/arm-none-eabi/10.3.1/../../../../arm-none-eabi/lib/thumb/v7-m/nofp/crt0.o
                                         0x10 (size before relaxing)
                0x00000000000011e4                __exidx_end = .

.rel.dyn        0x00000000000011e4        0x0
 .rel.iplt      0x00000000000011e4        0x0 /home/kasper/SimplicityStudio_v5/developer/toolchains/gnu_arm/10.3_2021.10/bin/../lib/gcc/arm-none-eabi/10.3.1/thumb/v7-m/nofp/crtbegin.o

.copy.table     0x00000000000011e4        0xc
                0x00000000000011e4                . = ALIGN (0x4)
                0x00000000000011e4                __copy_table_start__ = .
                0x00000000000011e4        0x4 LONG 0x11f0 __etext
                0x00000000000011e8        0x4 LONG 0x20001000 __data_start__
                0x00000000000011ec        0x4 LONG 0x4d ((__data_end__ - __data_start__) / 0x4)
                0x00000000000011f0                __copy_table_end__ = .

.zero.table     0x00000000000011f0        0x0
                0x00000000000011f0                . = ALIGN (0x4)
                0x00000000000011f0                __zero_table_start__ = .
                0x00000000000011f0                __zero_table_end__ = .
                0x00000000000011f0                __etext = .
                0x0000000020000000                . = ORIGIN (RAM)

.stack          0x0000000020000000     0x1000
                0x0000000020000000                __StackLimit = .
 *(.stack*)
 .stack         0x0000000020000000     0x1000 ./gecko_sdk_4.1.1/platform/common/toolchain/src/sl_memory.o
                0x0000000020001000                . = ALIGN (0x4)
                0x0000000020001000                __StackTop = .
                0x0000000020001000                PROVIDE (__stack = __StackTop)

.noinit
 *(.noinit*)

.data           0x0000000020001000      0x134 load address 0x00000000000011f0
                0x0000000020001000                . = ALIGN (0x4)
                0x0000000020001000                __data_start__ = .
 *(vtable)
 *(.data*)
 .data.transmitBuffer
                0x0000000020001000       0xbb ./main.o
                0x0000000020001000                transmitBuffer
 *fill*         0x00000000200010bb        0x1 
 .data.SystemCoreClock
                0x00000000200010bc        0x4 ./gecko_sdk_4.1.1/platform/Device/SiliconLabs/EFM32GG/Source/system_efm32gg.o
                0x00000000200010bc                SystemCoreClock
 .data.SystemHFXOClock
                0x00000000200010c0        0x4 ./gecko_sdk_4.1.1/platform/Device/SiliconLabs/EFM32GG/Source/system_efm32gg.o
 .data.SystemLFXOClock
                0x00000000200010c4        0x4 ./gecko_sdk_4.1.1/platform/Device/SiliconLabs/EFM32GG/Source/system_efm32gg.o
 .data.lfxo_precision
                0x00000000200010c8        0x2 ./gecko_sdk_4.1.1/platform/emlib/src/em_cmu.o
 *fill*         0x00000000200010ca        0x2 
 .data.impure_data
                0x00000000200010cc       0x60 /home/kasper/SimplicityStudio_v5/developer/toolchains/gnu_arm/10.3_2021.10/bin/../lib/gcc/arm-none-eabi/10.3.1/../../../../arm-none-eabi/lib/thumb/v7-m/nofp/libc_nano.a(lib_a-impure.o)
                0x000000002000112c                . = ALIGN (0x4)
                [!provide]                        PROVIDE (__ram_func_section_start = .)
 *(.ram)
                [!provide]                        PROVIDE (__ram_func_section_end = .)
                0x000000002000112c                . = ALIGN (0x4)
                0x000000002000112c                PROVIDE (__preinit_array_start = .)
 *(.preinit_array)
                0x000000002000112c                PROVIDE (__preinit_array_end = .)
                0x000000002000112c                . = ALIGN (0x4)
                0x000000002000112c                PROVIDE (__init_array_start = .)
 *(SORT_BY_NAME(.init_array.*))
 *(.init_array)
 .init_array    0x000000002000112c        0x4 /home/kasper/SimplicityStudio_v5/developer/toolchains/gnu_arm/10.3_2021.10/bin/../lib/gcc/arm-none-eabi/10.3.1/thumb/v7-m/nofp/crtbegin.o
                0x0000000020001130                PROVIDE (__init_array_end = .)
                0x0000000020001130                . = ALIGN (0x4)
                [!provide]                        PROVIDE (__fini_array_start = .)
 *(SORT_BY_NAME(.fini_array.*))
 *(.fini_array)
 .fini_array    0x0000000020001130        0x4 /home/kasper/SimplicityStudio_v5/developer/toolchains/gnu_arm/10.3_2021.10/bin/../lib/gcc/arm-none-eabi/10.3.1/thumb/v7-m/nofp/crtbegin.o
                [!provide]                        PROVIDE (__fini_array_end = .)
                0x0000000020001134                . = ALIGN (0x4)
                0x0000000020001134                __data_end__ = .

.igot.plt       0x0000000020001134        0x0 load address 0x0000000000001324
 .igot.plt      0x0000000020001134        0x0 /home/kasper/SimplicityStudio_v5/developer/toolchains/gnu_arm/10.3_2021.10/bin/../lib/gcc/arm-none-eabi/10.3.1/thumb/v7-m/nofp/crtbegin.o

.bss            0x0000000020001134       0x40 load address 0x0000000000001324
                0x0000000020001134                . = ALIGN (0x4)
                0x0000000020001134                __bss_start__ = .
 *(.bss*)
 .bss           0x0000000020001134       0x1c /home/kasper/SimplicityStudio_v5/developer/toolchains/gnu_arm/10.3_2021.10/bin/../lib/gcc/arm-none-eabi/10.3.1/thumb/v7-m/nofp/crtbegin.o
 .bss.masterRxBuffer
                0x0000000020001150        0x4 ./spi.o
                0x0000000020001150                masterRxBuffer
 .bss.masterRxBufferIndex
                0x0000000020001154        0x4 ./spi.o
                0x0000000020001154                masterRxBufferIndex
 .bss.masterRxBufferSize
                0x0000000020001158        0x4 ./spi.o
                0x0000000020001158                masterRxBufferSize
 .bss.slaveRxBuffer
                0x000000002000115c        0x4 ./spi.o
                0x000000002000115c                slaveRxBuffer
 .bss.slaveRxBufferIndex
                0x0000000020001160        0x4 ./spi.o
                0x0000000020001160                slaveRxBufferIndex
 .bss.slaveRxBufferSize
                0x0000000020001164        0x4 ./spi.o
                0x0000000020001164                slaveRxBufferSize
 .bss.slaveTxBuffer
                0x0000000020001168        0x4 ./spi.o
                0x0000000020001168                slaveTxBuffer
 .bss.slaveTxBufferIndex
                0x000000002000116c        0x4 ./spi.o
                0x000000002000116c                slaveTxBufferIndex
 .bss.slaveTxBufferSize
                0x0000000020001170        0x4 ./spi.o
                0x0000000020001170                slaveTxBufferSize
 *(COMMON)
                0x0000000020001174                . = ALIGN (0x4)
                0x0000000020001174                __bss_end__ = .

.heap           0x0000000020001178    0x1ee88
                0x0000000020001178                __HeapBase = .
                0x0000000020001178                __end__ = .
                0x0000000020001178                end = __end__
                0x0000000020001178                _end = __end__
 *(.heap*)
 .heap          0x0000000020001178      0x800 ./gecko_sdk_4.1.1/platform/common/toolchain/src/sl_memory.o
                0x0000000020020000                . = (ORIGIN (RAM) + LENGTH (RAM))
 *fill*         0x0000000020001978    0x1e688 
                0x0000000020020000                __HeapLimit = .
                0x000000000001ee88                __heap_size = (__HeapLimit - __HeapBase)
                0x0000000000100000                __main_flash_end__ = 0x100000

.internal_storage
                0x00000000000011f0        0x0
 *(.internal_storage*)

.nvm            0x00000000000011f0        0x0
 *(.simee*)
                0x0000000000100000                linker_nvm_end = __main_flash_end__
                0x0000000000100000                linker_nvm_begin = (linker_nvm_end - SIZEOF (.nvm))
                0x0000000000000000                linker_nvm_size = SIZEOF (.nvm)
                0x0000000000100000                linker_storage_end = linker_nvm_begin
                0x0000000000100000                __nvm3Base = linker_nvm_begin
                0x0000000000100000                linker_storage_begin = (linker_storage_end - SIZEOF (.internal_storage))
                0x0000000000000000                linker_storage_size = SIZEOF (.internal_storage)
                0x0000000000000001                ASSERT ((linker_storage_begin >= (__etext + SIZEOF (.data))), FLASH memory overflowed !)
OUTPUT(mcu.axf elf32-littlearm)
LOAD linker stubs

.ARM.attributes
                0x0000000000000000       0x29
 .ARM.attributes
                0x0000000000000000       0x1d /home/kasper/SimplicityStudio_v5/developer/toolchains/gnu_arm/10.3_2021.10/bin/../lib/gcc/arm-none-eabi/10.3.1/thumb/v7-m/nofp/crti.o
 .ARM.attributes
                0x000000000000001d       0x2d /home/kasper/SimplicityStudio_v5/developer/toolchains/gnu_arm/10.3_2021.10/bin/../lib/gcc/arm-none-eabi/10.3.1/thumb/v7-m/nofp/crtbegin.o
 .ARM.attributes
                0x000000000000004a       0x1b /home/kasper/SimplicityStudio_v5/developer/toolchains/gnu_arm/10.3_2021.10/bin/../lib/gcc/arm-none-eabi/10.3.1/../../../../arm-none-eabi/lib/thumb/v7-m/nofp/crt0.o
 .ARM.attributes
                0x0000000000000065       0x2d ./autogen/sl_board_default_init.o
 .ARM.attributes
                0x0000000000000092       0x2d ./autogen/sl_device_init_clocks.o
 .ARM.attributes
                0x00000000000000bf       0x2d ./autogen/sl_event_handler.o
 .ARM.attributes
                0x00000000000000ec       0x2d ./main.o
 .ARM.attributes
                0x0000000000000119       0x2d ./spi.o
 .ARM.attributes
                0x0000000000000146       0x2d ./usart.o
 .ARM.attributes
                0x0000000000000173       0x2d ./gecko_sdk_4.1.1/hardware/board/src/sl_board_control_gpio.o
 .ARM.attributes
                0x00000000000001a0       0x2d ./gecko_sdk_4.1.1/hardware/board/src/sl_board_init.o
 .ARM.attributes
                0x00000000000001cd       0x2d ./gecko_sdk_4.1.1/platform/Device/SiliconLabs/EFM32GG/Source/startup_efm32gg.o
 .ARM.attributes
                0x00000000000001fa       0x2d ./gecko_sdk_4.1.1/platform/Device/SiliconLabs/EFM32GG/Source/system_efm32gg.o
 .ARM.attributes
                0x0000000000000227       0x2d ./gecko_sdk_4.1.1/platform/common/src/sl_assert.o
 .ARM.attributes
                0x0000000000000254       0x2d ./gecko_sdk_4.1.1/platform/common/toolchain/src/sl_memory.o
 .ARM.attributes
                0x0000000000000281       0x2d ./gecko_sdk_4.1.1/platform/emlib/src/em_cmu.o
 .ARM.attributes
                0x00000000000002ae       0x2d ./gecko_sdk_4.1.1/platform/emlib/src/em_core.o
 .ARM.attributes
                0x00000000000002db       0x2d ./gecko_sdk_4.1.1/platform/emlib/src/em_emu.o
 .ARM.attributes
                0x0000000000000308       0x2d ./gecko_sdk_4.1.1/platform/emlib/src/em_gpio.o
 .ARM.attributes
                0x0000000000000335       0x2d ./gecko_sdk_4.1.1/platform/emlib/src/em_system.o
 .ARM.attributes
                0x0000000000000362       0x2d ./gecko_sdk_4.1.1/platform/service/device_init/src/sl_device_init_emu_s0.o
 .ARM.attributes
                0x000000000000038f       0x2d ./gecko_sdk_4.1.1/platform/service/device_init/src/sl_device_init_hfxo_s0.o
 .ARM.attributes
                0x00000000000003bc       0x2d ./gecko_sdk_4.1.1/platform/service/device_init/src/sl_device_init_lfxo_s0.o
 .ARM.attributes
                0x00000000000003e9       0x2d ./gecko_sdk_4.1.1/platform/service/device_init/src/sl_device_init_nvic.o
 .ARM.attributes
                0x0000000000000416       0x2d ./gecko_sdk_4.1.1/platform/service/system/src/sl_system_init.o
 .ARM.attributes
                0x0000000000000443       0x2d ./gecko_sdk_4.1.1/platform/service/system/src/sl_system_process_action.o
 .ARM.attributes
                0x0000000000000470       0x2d /home/kasper/SimplicityStudio_v5/developer/toolchains/gnu_arm/10.3_2021.10/bin/../lib/gcc/arm-none-eabi/10.3.1/../../../../arm-none-eabi/lib/thumb/v7-m/nofp/libc_nano.a(lib_a-exit.o)
 .ARM.attributes
                0x000000000000049d       0x2d /home/kasper/SimplicityStudio_v5/developer/toolchains/gnu_arm/10.3_2021.10/bin/../lib/gcc/arm-none-eabi/10.3.1/../../../../arm-none-eabi/lib/thumb/v7-m/nofp/libc_nano.a(lib_a-impure.o)
 .ARM.attributes
                0x00000000000004ca       0x2d /home/kasper/SimplicityStudio_v5/developer/toolchains/gnu_arm/10.3_2021.10/bin/../lib/gcc/arm-none-eabi/10.3.1/../../../../arm-none-eabi/lib/thumb/v7-m/nofp/libc_nano.a(lib_a-init.o)
 .ARM.attributes
                0x00000000000004f7       0x2d /home/kasper/SimplicityStudio_v5/developer/toolchains/gnu_arm/10.3_2021.10/bin/../lib/gcc/arm-none-eabi/10.3.1/../../../../arm-none-eabi/lib/thumb/v7-m/nofp/libc_nano.a(lib_a-memset.o)
 .ARM.attributes
                0x0000000000000524       0x2d /home/kasper/SimplicityStudio_v5/developer/toolchains/gnu_arm/10.3_2021.10/bin/../lib/gcc/arm-none-eabi/10.3.1/../../../../arm-none-eabi/lib/thumb/v7-m/nofp/libnosys.a(_exit.o)
 .ARM.attributes
                0x0000000000000551       0x1d /home/kasper/SimplicityStudio_v5/developer/toolchains/gnu_arm/10.3_2021.10/bin/../lib/gcc/arm-none-eabi/10.3.1/thumb/v7-m/nofp/crtn.o

.comment        0x0000000000000000       0x49
 .comment       0x0000000000000000       0x49 ./autogen/sl_board_default_init.o
                                         0x4a (size before relaxing)
 .comment       0x0000000000000049       0x4a ./autogen/sl_device_init_clocks.o
 .comment       0x0000000000000049       0x4a ./autogen/sl_event_handler.o
 .comment       0x0000000000000049       0x4a ./main.o
 .comment       0x0000000000000049       0x4a ./spi.o
 .comment       0x0000000000000049       0x4a ./usart.o
 .comment       0x0000000000000049       0x4a ./gecko_sdk_4.1.1/hardware/board/src/sl_board_control_gpio.o
 .comment       0x0000000000000049       0x4a ./gecko_sdk_4.1.1/hardware/board/src/sl_board_init.o
 .comment       0x0000000000000049       0x4a ./gecko_sdk_4.1.1/platform/Device/SiliconLabs/EFM32GG/Source/startup_efm32gg.o
 .comment       0x0000000000000049       0x4a ./gecko_sdk_4.1.1/platform/Device/SiliconLabs/EFM32GG/Source/system_efm32gg.o
 .comment       0x0000000000000049       0x4a ./gecko_sdk_4.1.1/platform/common/src/sl_assert.o
 .comment       0x0000000000000049       0x4a ./gecko_sdk_4.1.1/platform/common/toolchain/src/sl_memory.o
 .comment       0x0000000000000049       0x4a ./gecko_sdk_4.1.1/platform/emlib/src/em_cmu.o
 .comment       0x0000000000000049       0x4a ./gecko_sdk_4.1.1/platform/emlib/src/em_core.o
 .comment       0x0000000000000049       0x4a ./gecko_sdk_4.1.1/platform/emlib/src/em_emu.o
 .comment       0x0000000000000049       0x4a ./gecko_sdk_4.1.1/platform/emlib/src/em_gpio.o
 .comment       0x0000000000000049       0x4a ./gecko_sdk_4.1.1/platform/emlib/src/em_system.o
 .comment       0x0000000000000049       0x4a ./gecko_sdk_4.1.1/platform/service/device_init/src/sl_device_init_emu_s0.o
 .comment       0x0000000000000049       0x4a ./gecko_sdk_4.1.1/platform/service/device_init/src/sl_device_init_hfxo_s0.o
 .comment       0x0000000000000049       0x4a ./gecko_sdk_4.1.1/platform/service/device_init/src/sl_device_init_lfxo_s0.o
 .comment       0x0000000000000049       0x4a ./gecko_sdk_4.1.1/platform/service/device_init/src/sl_device_init_nvic.o
 .comment       0x0000000000000049       0x4a ./gecko_sdk_4.1.1/platform/service/system/src/sl_system_init.o
 .comment       0x0000000000000049       0x4a ./gecko_sdk_4.1.1/platform/service/system/src/sl_system_process_action.o

.debug_info     0x0000000000000000     0xa0c9
 .debug_info    0x0000000000000000       0x8a ./autogen/sl_board_default_init.o
 .debug_info    0x000000000000008a      0x31e ./autogen/sl_device_init_clocks.o
 .debug_info    0x00000000000003a8      0x56f ./autogen/sl_event_handler.o
 .debug_info    0x0000000000000917      0x76d ./main.o
 .debug_info    0x0000000000001084      0xe2b ./spi.o
 .debug_info    0x0000000000001eaf      0x2e4 ./usart.o
 .debug_info    0x0000000000002193      0x4c0 ./gecko_sdk_4.1.1/hardware/board/src/sl_board_control_gpio.o
 .debug_info    0x0000000000002653      0x290 ./gecko_sdk_4.1.1/hardware/board/src/sl_board_init.o
 .debug_info    0x00000000000028e3      0x32a ./gecko_sdk_4.1.1/platform/Device/SiliconLabs/EFM32GG/Source/startup_efm32gg.o
 .debug_info    0x0000000000002c0d      0x82c ./gecko_sdk_4.1.1/platform/Device/SiliconLabs/EFM32GG/Source/system_efm32gg.o
 .debug_info    0x0000000000003439       0x8a ./gecko_sdk_4.1.1/platform/common/src/sl_assert.o
 .debug_info    0x00000000000034c3      0x209 ./gecko_sdk_4.1.1/platform/common/toolchain/src/sl_memory.o
 .debug_info    0x00000000000036cc     0x2900 ./gecko_sdk_4.1.1/platform/emlib/src/em_cmu.o
 .debug_info    0x0000000000005fcc     0x1160 ./gecko_sdk_4.1.1/platform/emlib/src/em_core.o
 .debug_info    0x000000000000712c     0x15f3 ./gecko_sdk_4.1.1/platform/emlib/src/em_emu.o
 .debug_info    0x000000000000871f      0xa3f ./gecko_sdk_4.1.1/platform/emlib/src/em_gpio.o
 .debug_info    0x000000000000915e      0x325 ./gecko_sdk_4.1.1/platform/emlib/src/em_system.o
 .debug_info    0x0000000000009483      0x183 ./gecko_sdk_4.1.1/platform/service/device_init/src/sl_device_init_emu_s0.o
 .debug_info    0x0000000000009606      0x1b6 ./gecko_sdk_4.1.1/platform/service/device_init/src/sl_device_init_hfxo_s0.o
 .debug_info    0x00000000000097bc      0x1dd ./gecko_sdk_4.1.1/platform/service/device_init/src/sl_device_init_lfxo_s0.o
 .debug_info    0x0000000000009999      0x5cb ./gecko_sdk_4.1.1/platform/service/device_init/src/sl_device_init_nvic.o
 .debug_info    0x0000000000009f64       0xbe ./gecko_sdk_4.1.1/platform/service/system/src/sl_system_init.o
 .debug_info    0x000000000000a022       0xa7 ./gecko_sdk_4.1.1/platform/service/system/src/sl_system_process_action.o

.debug_abbrev   0x0000000000000000     0x2733
 .debug_abbrev  0x0000000000000000       0x49 ./autogen/sl_board_default_init.o
 .debug_abbrev  0x0000000000000049       0xca ./autogen/sl_device_init_clocks.o
 .debug_abbrev  0x0000000000000113      0x1ff ./autogen/sl_event_handler.o
 .debug_abbrev  0x0000000000000312      0x229 ./main.o
 .debug_abbrev  0x000000000000053b      0x323 ./spi.o
 .debug_abbrev  0x000000000000085e      0x106 ./usart.o
 .debug_abbrev  0x0000000000000964      0x199 ./gecko_sdk_4.1.1/hardware/board/src/sl_board_control_gpio.o
 .debug_abbrev  0x0000000000000afd       0xeb ./gecko_sdk_4.1.1/hardware/board/src/sl_board_init.o
 .debug_abbrev  0x0000000000000be8      0x1cc ./gecko_sdk_4.1.1/platform/Device/SiliconLabs/EFM32GG/Source/startup_efm32gg.o
 .debug_abbrev  0x0000000000000db4      0x249 ./gecko_sdk_4.1.1/platform/Device/SiliconLabs/EFM32GG/Source/system_efm32gg.o
 .debug_abbrev  0x0000000000000ffd       0x6f ./gecko_sdk_4.1.1/platform/common/src/sl_assert.o
 .debug_abbrev  0x000000000000106c      0x121 ./gecko_sdk_4.1.1/platform/common/toolchain/src/sl_memory.o
 .debug_abbrev  0x000000000000118d      0x4cc ./gecko_sdk_4.1.1/platform/emlib/src/em_cmu.o
 .debug_abbrev  0x0000000000001659      0x31b ./gecko_sdk_4.1.1/platform/emlib/src/em_core.o
 .debug_abbrev  0x0000000000001974      0x412 ./gecko_sdk_4.1.1/platform/emlib/src/em_emu.o
 .debug_abbrev  0x0000000000001d86      0x2f2 ./gecko_sdk_4.1.1/platform/emlib/src/em_gpio.o
 .debug_abbrev  0x0000000000002078      0x1b5 ./gecko_sdk_4.1.1/platform/emlib/src/em_system.o
 .debug_abbrev  0x000000000000222d       0xf4 ./gecko_sdk_4.1.1/platform/service/device_init/src/sl_device_init_emu_s0.o
 .debug_abbrev  0x0000000000002321      0x106 ./gecko_sdk_4.1.1/platform/service/device_init/src/sl_device_init_hfxo_s0.o
 .debug_abbrev  0x0000000000002427       0xf2 ./gecko_sdk_4.1.1/platform/service/device_init/src/sl_device_init_lfxo_s0.o
 .debug_abbrev  0x0000000000002519      0x156 ./gecko_sdk_4.1.1/platform/service/device_init/src/sl_device_init_nvic.o
 .debug_abbrev  0x000000000000266f       0x62 ./gecko_sdk_4.1.1/platform/service/system/src/sl_system_init.o
 .debug_abbrev  0x00000000000026d1       0x62 ./gecko_sdk_4.1.1/platform/service/system/src/sl_system_process_action.o

.debug_aranges  0x0000000000000000      0x6b0
 .debug_aranges
                0x0000000000000000       0x20 ./autogen/sl_board_default_init.o
 .debug_aranges
                0x0000000000000020       0x20 ./autogen/sl_device_init_clocks.o
 .debug_aranges
                0x0000000000000040       0x30 ./autogen/sl_event_handler.o
 .debug_aranges
                0x0000000000000070       0x28 ./main.o
 .debug_aranges
                0x0000000000000098       0x58 ./spi.o
 .debug_aranges
                0x00000000000000f0       0x28 ./usart.o
 .debug_aranges
                0x0000000000000118       0x68 ./gecko_sdk_4.1.1/hardware/board/src/sl_board_control_gpio.o
 .debug_aranges
                0x0000000000000180       0x28 ./gecko_sdk_4.1.1/hardware/board/src/sl_board_init.o
 .debug_aranges
                0x00000000000001a8       0x28 ./gecko_sdk_4.1.1/platform/Device/SiliconLabs/EFM32GG/Source/startup_efm32gg.o
 .debug_aranges
                0x00000000000001d0       0x68 ./gecko_sdk_4.1.1/platform/Device/SiliconLabs/EFM32GG/Source/system_efm32gg.o
 .debug_aranges
                0x0000000000000238       0x20 ./gecko_sdk_4.1.1/platform/common/src/sl_assert.o
 .debug_aranges
                0x0000000000000258       0x30 ./gecko_sdk_4.1.1/platform/common/toolchain/src/sl_memory.o
 .debug_aranges
                0x0000000000000288      0x140 ./gecko_sdk_4.1.1/platform/emlib/src/em_cmu.o
 .debug_aranges
                0x00000000000003c8       0xe8 ./gecko_sdk_4.1.1/platform/emlib/src/em_core.o
 .debug_aranges
                0x00000000000004b0       0xb0 ./gecko_sdk_4.1.1/platform/emlib/src/em_emu.o
 .debug_aranges
                0x0000000000000560       0x60 ./gecko_sdk_4.1.1/platform/emlib/src/em_gpio.o
 .debug_aranges
                0x00000000000005c0       0x30 ./gecko_sdk_4.1.1/platform/emlib/src/em_system.o
 .debug_aranges
                0x00000000000005f0       0x20 ./gecko_sdk_4.1.1/platform/service/device_init/src/sl_device_init_emu_s0.o
 .debug_aranges
                0x0000000000000610       0x20 ./gecko_sdk_4.1.1/platform/service/device_init/src/sl_device_init_hfxo_s0.o
 .debug_aranges
                0x0000000000000630       0x20 ./gecko_sdk_4.1.1/platform/service/device_init/src/sl_device_init_lfxo_s0.o
 .debug_aranges
                0x0000000000000650       0x20 ./gecko_sdk_4.1.1/platform/service/device_init/src/sl_device_init_nvic.o
 .debug_aranges
                0x0000000000000670       0x20 ./gecko_sdk_4.1.1/platform/service/system/src/sl_system_init.o
 .debug_aranges
                0x0000000000000690       0x20 ./gecko_sdk_4.1.1/platform/service/system/src/sl_system_process_action.o

.debug_ranges   0x0000000000000000      0xb30
 .debug_ranges  0x0000000000000000       0x10 ./autogen/sl_board_default_init.o
 .debug_ranges  0x0000000000000010       0x10 ./autogen/sl_device_init_clocks.o
 .debug_ranges  0x0000000000000020       0x38 ./autogen/sl_event_handler.o
 .debug_ranges  0x0000000000000058       0x18 ./main.o
 .debug_ranges  0x0000000000000070      0x138 ./spi.o
 .debug_ranges  0x00000000000001a8       0x18 ./usart.o
 .debug_ranges  0x00000000000001c0       0x58 ./gecko_sdk_4.1.1/hardware/board/src/sl_board_control_gpio.o
 .debug_ranges  0x0000000000000218       0x18 ./gecko_sdk_4.1.1/hardware/board/src/sl_board_init.o
 .debug_ranges  0x0000000000000230       0x80 ./gecko_sdk_4.1.1/platform/Device/SiliconLabs/EFM32GG/Source/startup_efm32gg.o
 .debug_ranges  0x00000000000002b0       0x88 ./gecko_sdk_4.1.1/platform/Device/SiliconLabs/EFM32GG/Source/system_efm32gg.o
 .debug_ranges  0x0000000000000338       0x10 ./gecko_sdk_4.1.1/platform/common/src/sl_assert.o
 .debug_ranges  0x0000000000000348       0x20 ./gecko_sdk_4.1.1/platform/common/toolchain/src/sl_memory.o
 .debug_ranges  0x0000000000000368      0x2e0 ./gecko_sdk_4.1.1/platform/emlib/src/em_cmu.o
 .debug_ranges  0x0000000000000648      0x1a0 ./gecko_sdk_4.1.1/platform/emlib/src/em_core.o
 .debug_ranges  0x00000000000007e8      0x180 ./gecko_sdk_4.1.1/platform/emlib/src/em_emu.o
 .debug_ranges  0x0000000000000968      0x100 ./gecko_sdk_4.1.1/platform/emlib/src/em_gpio.o
 .debug_ranges  0x0000000000000a68       0x20 ./gecko_sdk_4.1.1/platform/emlib/src/em_system.o
 .debug_ranges  0x0000000000000a88       0x10 ./gecko_sdk_4.1.1/platform/service/device_init/src/sl_device_init_emu_s0.o
 .debug_ranges  0x0000000000000a98       0x10 ./gecko_sdk_4.1.1/platform/service/device_init/src/sl_device_init_hfxo_s0.o
 .debug_ranges  0x0000000000000aa8       0x10 ./gecko_sdk_4.1.1/platform/service/device_init/src/sl_device_init_lfxo_s0.o
 .debug_ranges  0x0000000000000ab8       0x58 ./gecko_sdk_4.1.1/platform/service/device_init/src/sl_device_init_nvic.o
 .debug_ranges  0x0000000000000b10       0x10 ./gecko_sdk_4.1.1/platform/service/system/src/sl_system_init.o
 .debug_ranges  0x0000000000000b20       0x10 ./gecko_sdk_4.1.1/platform/service/system/src/sl_system_process_action.o

.debug_macro    0x0000000000000000    0x275a5
 .debug_macro   0x0000000000000000       0x8e ./autogen/sl_board_default_init.o
 .debug_macro   0x000000000000008e      0xa78 ./autogen/sl_board_default_init.o
 .debug_macro   0x0000000000000b06       0x10 ./autogen/sl_board_default_init.o
 .debug_macro   0x0000000000000b16       0x22 ./autogen/sl_board_default_init.o
 .debug_macro   0x0000000000000b38       0x56 ./autogen/sl_board_default_init.o
 .debug_macro   0x0000000000000b8e       0x51 ./autogen/sl_board_default_init.o
 .debug_macro   0x0000000000000bdf      0x103 ./autogen/sl_board_default_init.o
 .debug_macro   0x0000000000000ce2       0x6a ./autogen/sl_board_default_init.o
 .debug_macro   0x0000000000000d4c      0x1df ./autogen/sl_board_default_init.o
 .debug_macro   0x0000000000000f2b      0x72f ./autogen/sl_board_default_init.o
 .debug_macro   0x000000000000165a       0x16 ./autogen/sl_board_default_init.o
 .debug_macro   0x0000000000001670      0x313 ./autogen/sl_device_init_clocks.o
 .debug_macro   0x0000000000001983      0x39b ./autogen/sl_device_init_clocks.o
 .debug_macro   0x0000000000001d1e       0x1c ./autogen/sl_device_init_clocks.o
 .debug_macro   0x0000000000001d3a       0x22 ./autogen/sl_device_init_clocks.o
 .debug_macro   0x0000000000001d5c       0xdf ./autogen/sl_device_init_clocks.o
 .debug_macro   0x0000000000001e3b      0xe2d ./autogen/sl_device_init_clocks.o
 .debug_macro   0x0000000000002c68      0x11f ./autogen/sl_device_init_clocks.o
 .debug_macro   0x0000000000002d87     0x2869 ./autogen/sl_device_init_clocks.o
 .debug_macro   0x00000000000055f0      0x39e ./autogen/sl_device_init_clocks.o
 .debug_macro   0x000000000000598e     0x3f12 ./autogen/sl_device_init_clocks.o
 .debug_macro   0x00000000000098a0      0x9a4 ./autogen/sl_device_init_clocks.o
 .debug_macro   0x000000000000a244      0x6eb ./autogen/sl_device_init_clocks.o
 .debug_macro   0x000000000000a92f      0x283 ./autogen/sl_device_init_clocks.o
 .debug_macro   0x000000000000abb2     0x1e37 ./autogen/sl_device_init_clocks.o
 .debug_macro   0x000000000000c9e9     0x30cb ./autogen/sl_device_init_clocks.o
 .debug_macro   0x000000000000fab4      0x37f ./autogen/sl_device_init_clocks.o
 .debug_macro   0x000000000000fe33      0x855 ./autogen/sl_device_init_clocks.o
 .debug_macro   0x0000000000010688     0x230f ./autogen/sl_device_init_clocks.o
 .debug_macro   0x0000000000012997     0x1bf6 ./autogen/sl_device_init_clocks.o
 .debug_macro   0x000000000001458d     0x1709 ./autogen/sl_device_init_clocks.o
 .debug_macro   0x0000000000015c96      0x6d8 ./autogen/sl_device_init_clocks.o
 .debug_macro   0x000000000001636e     0x106a ./autogen/sl_device_init_clocks.o
 .debug_macro   0x00000000000173d8     0x1d83 ./autogen/sl_device_init_clocks.o
 .debug_macro   0x000000000001915b      0x33d ./autogen/sl_device_init_clocks.o
 .debug_macro   0x0000000000019498      0xa66 ./autogen/sl_device_init_clocks.o
 .debug_macro   0x0000000000019efe      0xfe0 ./autogen/sl_device_init_clocks.o
 .debug_macro   0x000000000001aede      0x894 ./autogen/sl_device_init_clocks.o
 .debug_macro   0x000000000001b772      0xf85 ./autogen/sl_device_init_clocks.o
 .debug_macro   0x000000000001c6f7     0x12a5 ./autogen/sl_device_init_clocks.o
 .debug_macro   0x000000000001d99c      0xc4a ./autogen/sl_device_init_clocks.o
 .debug_macro   0x000000000001e5e6      0x74d ./autogen/sl_device_init_clocks.o
 .debug_macro   0x000000000001ed33      0x1c9 ./autogen/sl_device_init_clocks.o
 .debug_macro   0x000000000001eefc     0x1041 ./autogen/sl_device_init_clocks.o
 .debug_macro   0x000000000001ff3d      0x280 ./autogen/sl_device_init_clocks.o
 .debug_macro   0x00000000000201bd       0x40 ./autogen/sl_device_init_clocks.o
 .debug_macro   0x00000000000201fd      0x250 ./autogen/sl_device_init_clocks.o
 .debug_macro   0x000000000002044d      0x1f0 ./autogen/sl_device_init_clocks.o
 .debug_macro   0x000000000002063d      0x166 ./autogen/sl_device_init_clocks.o
 .debug_macro   0x00000000000207a3      0x252 ./autogen/sl_device_init_clocks.o
 .debug_macro   0x00000000000209f5     0x1bd7 ./autogen/sl_device_init_clocks.o
 .debug_macro   0x00000000000225cc       0x2e ./autogen/sl_device_init_clocks.o
 .debug_macro   0x00000000000225fa      0x427 ./autogen/sl_device_init_clocks.o
 .debug_macro   0x0000000000022a21      0x427 ./autogen/sl_device_init_clocks.o
 .debug_macro   0x0000000000022e48       0x22 ./autogen/sl_device_init_clocks.o
 .debug_macro   0x0000000000022e6a       0x10 ./autogen/sl_device_init_clocks.o
 .debug_macro   0x0000000000022e7a       0x8d ./autogen/sl_device_init_clocks.o
 .debug_macro   0x0000000000022f07       0x16 ./autogen/sl_device_init_clocks.o
 .debug_macro   0x0000000000022f1d       0x10 ./autogen/sl_device_init_clocks.o
 .debug_macro   0x0000000000022f2d       0xf6 ./autogen/sl_device_init_clocks.o
 .debug_macro   0x0000000000023023       0xbb ./autogen/sl_device_init_clocks.o
 .debug_macro   0x00000000000230de      0x33e ./autogen/sl_device_init_clocks.o
 .debug_macro   0x000000000002341c      0x34e ./autogen/sl_event_handler.o
 .debug_macro   0x000000000002376a      0x735 ./autogen/sl_event_handler.o
 .debug_macro   0x0000000000023e9f      0x3e0 ./main.o
 .debug_macro   0x000000000002427f       0x5e ./main.o
 .debug_macro   0x00000000000242dd       0x5c ./main.o
 .debug_macro   0x0000000000024339       0x57 ./main.o
 .debug_macro   0x0000000000024390       0x10 ./main.o
 .debug_macro   0x00000000000243a0       0x35 ./main.o
 .debug_macro   0x00000000000243d5       0x3a ./main.o
 .debug_macro   0x000000000002440f      0x303 ./spi.o
 .debug_macro   0x0000000000024712      0x2f0 ./usart.o
 .debug_macro   0x0000000000024a02       0x34 ./usart.o
 .debug_macro   0x0000000000024a36      0x303 ./gecko_sdk_4.1.1/hardware/board/src/sl_board_control_gpio.o
 .debug_macro   0x0000000000024d39       0x1c ./gecko_sdk_4.1.1/hardware/board/src/sl_board_control_gpio.o
 .debug_macro   0x0000000000024d55      0x316 ./gecko_sdk_4.1.1/hardware/board/src/sl_board_init.o
 .debug_macro   0x000000000002506b       0xc1 ./gecko_sdk_4.1.1/hardware/board/src/sl_board_init.o
 .debug_macro   0x000000000002512c      0x288 ./gecko_sdk_4.1.1/platform/Device/SiliconLabs/EFM32GG/Source/startup_efm32gg.o
 .debug_macro   0x00000000000253b4      0x297 ./gecko_sdk_4.1.1/platform/Device/SiliconLabs/EFM32GG/Source/system_efm32gg.o
 .debug_macro   0x000000000002564b       0x2c ./gecko_sdk_4.1.1/platform/common/src/sl_assert.o
 .debug_macro   0x0000000000025677       0x92 ./gecko_sdk_4.1.1/platform/common/toolchain/src/sl_memory.o
 .debug_macro   0x0000000000025709       0x16 ./gecko_sdk_4.1.1/platform/common/toolchain/src/sl_memory.o
 .debug_macro   0x000000000002571f      0x3d7 ./gecko_sdk_4.1.1/platform/emlib/src/em_cmu.o
 .debug_macro   0x0000000000025af6       0x7c ./gecko_sdk_4.1.1/platform/emlib/src/em_cmu.o
 .debug_macro   0x0000000000025b72       0x17 ./gecko_sdk_4.1.1/platform/emlib/src/em_cmu.o
 .debug_macro   0x0000000000025b89       0xee ./gecko_sdk_4.1.1/platform/emlib/src/em_cmu.o
 .debug_macro   0x0000000000025c77       0x1f ./gecko_sdk_4.1.1/platform/emlib/src/em_cmu.o
 .debug_macro   0x0000000000025c96       0x34 ./gecko_sdk_4.1.1/platform/emlib/src/em_cmu.o
 .debug_macro   0x0000000000025cca       0x34 ./gecko_sdk_4.1.1/platform/emlib/src/em_cmu.o
 .debug_macro   0x0000000000025cfe      0x2cd ./gecko_sdk_4.1.1/platform/emlib/src/em_core.o
 .debug_macro   0x0000000000025fcb      0x3ab ./gecko_sdk_4.1.1/platform/emlib/src/em_emu.o
 .debug_macro   0x0000000000026376       0x19 ./gecko_sdk_4.1.1/platform/emlib/src/em_emu.o
 .debug_macro   0x000000000002638f      0x2ed ./gecko_sdk_4.1.1/platform/emlib/src/em_gpio.o
 .debug_macro   0x000000000002667c      0x2b0 ./gecko_sdk_4.1.1/platform/emlib/src/em_system.o
 .debug_macro   0x000000000002692c      0x2f1 ./gecko_sdk_4.1.1/platform/service/device_init/src/sl_device_init_emu_s0.o
 .debug_macro   0x0000000000026c1d      0x31c ./gecko_sdk_4.1.1/platform/service/device_init/src/sl_device_init_hfxo_s0.o
 .debug_macro   0x0000000000026f39       0x1c ./gecko_sdk_4.1.1/platform/service/device_init/src/sl_device_init_hfxo_s0.o
 .debug_macro   0x0000000000026f55      0x31c ./gecko_sdk_4.1.1/platform/service/device_init/src/sl_device_init_lfxo_s0.o
 .debug_macro   0x0000000000027271       0x22 ./gecko_sdk_4.1.1/platform/service/device_init/src/sl_device_init_lfxo_s0.o
 .debug_macro   0x0000000000027293      0x2ca ./gecko_sdk_4.1.1/platform/service/device_init/src/sl_device_init_nvic.o
 .debug_macro   0x000000000002755d       0x24 ./gecko_sdk_4.1.1/platform/service/system/src/sl_system_init.o
 .debug_macro   0x0000000000027581       0x24 ./gecko_sdk_4.1.1/platform/service/system/src/sl_system_process_action.o

.debug_line     0x0000000000000000     0xeecb
 .debug_line    0x0000000000000000      0x375 ./autogen/sl_board_default_init.o
 .debug_line    0x0000000000000375      0x9bd ./autogen/sl_device_init_clocks.o
 .debug_line    0x0000000000000d32      0xb2d ./autogen/sl_event_handler.o
 .debug_line    0x000000000000185f      0xb09 ./main.o
 .debug_line    0x0000000000002368      0xcfe ./spi.o
 .debug_line    0x0000000000003066      0xa42 ./usart.o
 .debug_line    0x0000000000003aa8      0xb90 ./gecko_sdk_4.1.1/hardware/board/src/sl_board_control_gpio.o
 .debug_line    0x0000000000004638      0xa0d ./gecko_sdk_4.1.1/hardware/board/src/sl_board_init.o
 .debug_line    0x0000000000005045      0x887 ./gecko_sdk_4.1.1/platform/Device/SiliconLabs/EFM32GG/Source/startup_efm32gg.o
 .debug_line    0x00000000000058cc      0x9aa ./gecko_sdk_4.1.1/platform/Device/SiliconLabs/EFM32GG/Source/system_efm32gg.o
 .debug_line    0x0000000000006276      0x1cd ./gecko_sdk_4.1.1/platform/common/src/sl_assert.o
 .debug_line    0x0000000000006443      0x3e6 ./gecko_sdk_4.1.1/platform/common/toolchain/src/sl_memory.o
 .debug_line    0x0000000000006829     0x2295 ./gecko_sdk_4.1.1/platform/emlib/src/em_cmu.o
 .debug_line    0x0000000000008abe     0x1066 ./gecko_sdk_4.1.1/platform/emlib/src/em_core.o
 .debug_line    0x0000000000009b24     0x1245 ./gecko_sdk_4.1.1/platform/emlib/src/em_emu.o
 .debug_line    0x000000000000ad69      0xd76 ./gecko_sdk_4.1.1/platform/emlib/src/em_gpio.o
 .debug_line    0x000000000000badf      0x965 ./gecko_sdk_4.1.1/platform/emlib/src/em_system.o
 .debug_line    0x000000000000c444      0x9d6 ./gecko_sdk_4.1.1/platform/service/device_init/src/sl_device_init_emu_s0.o
 .debug_line    0x000000000000ce1a      0xa22 ./gecko_sdk_4.1.1/platform/service/device_init/src/sl_device_init_hfxo_s0.o
 .debug_line    0x000000000000d83c      0xa2b ./gecko_sdk_4.1.1/platform/service/device_init/src/sl_device_init_lfxo_s0.o
 .debug_line    0x000000000000e267      0x9b9 ./gecko_sdk_4.1.1/platform/service/device_init/src/sl_device_init_nvic.o
 .debug_line    0x000000000000ec20      0x151 ./gecko_sdk_4.1.1/platform/service/system/src/sl_system_init.o
 .debug_line    0x000000000000ed71      0x15a ./gecko_sdk_4.1.1/platform/service/system/src/sl_system_process_action.o

.debug_str      0x0000000000000000    0xdeecc
 .debug_str     0x0000000000000000     0x773e ./autogen/sl_board_default_init.o
                                       0x789e (size before relaxing)
 .debug_str     0x000000000000773e    0xd122b ./autogen/sl_device_init_clocks.o
                                      0xd8f1e (size before relaxing)
 .debug_str     0x00000000000d8969      0x37b ./autogen/sl_event_handler.o
                                      0xd83b2 (size before relaxing)
 .debug_str     0x00000000000d8ce4     0x2c5b ./main.o
                                      0xd8020 (size before relaxing)
 .debug_str     0x00000000000db93f      0x726 ./spi.o
                                      0xd4b7b (size before relaxing)
 .debug_str     0x00000000000dc065       0x37 ./usart.o
                                      0xd44dc (size before relaxing)
 .debug_str     0x00000000000dc09c      0x32e ./gecko_sdk_4.1.1/hardware/board/src/sl_board_control_gpio.o
                                      0xd852b (size before relaxing)
 .debug_str     0x00000000000dc3ca       0x50 ./gecko_sdk_4.1.1/hardware/board/src/sl_board_init.o
                                      0xd8ed1 (size before relaxing)
 .debug_str     0x00000000000dc41a      0x162 ./gecko_sdk_4.1.1/platform/Device/SiliconLabs/EFM32GG/Source/startup_efm32gg.o
                                      0xd317d (size before relaxing)
 .debug_str     0x00000000000dc57c      0x2eb ./gecko_sdk_4.1.1/platform/Device/SiliconLabs/EFM32GG/Source/system_efm32gg.o
                                      0xd33e9 (size before relaxing)
 .debug_str     0x00000000000dc867       0x52 ./gecko_sdk_4.1.1/platform/common/src/sl_assert.o
                                       0x2dfc (size before relaxing)
 .debug_str     0x00000000000dc8b9      0x149 ./gecko_sdk_4.1.1/platform/common/toolchain/src/sl_memory.o
                                       0x3fec (size before relaxing)
 .debug_str     0x00000000000dca02     0x12cb ./gecko_sdk_4.1.1/platform/emlib/src/em_cmu.o
                                      0xd8182 (size before relaxing)
 .debug_str     0x00000000000ddccd      0x351 ./gecko_sdk_4.1.1/platform/emlib/src/em_core.o
                                      0xd431b (size before relaxing)
 .debug_str     0x00000000000de01e      0x600 ./gecko_sdk_4.1.1/platform/emlib/src/em_emu.o
                                      0xd7a9e (size before relaxing)
 .debug_str     0x00000000000de61e      0x28f ./gecko_sdk_4.1.1/platform/emlib/src/em_gpio.o
                                      0xd4878 (size before relaxing)
 .debug_str     0x00000000000de8ad      0x1c6 ./gecko_sdk_4.1.1/platform/emlib/src/em_system.o
                                      0xd35c2 (size before relaxing)
 .debug_str     0x00000000000dea73       0x6f ./gecko_sdk_4.1.1/platform/service/device_init/src/sl_device_init_emu_s0.o
                                      0xd7a73 (size before relaxing)
 .debug_str     0x00000000000deae2      0x131 ./gecko_sdk_4.1.1/platform/service/device_init/src/sl_device_init_hfxo_s0.o
                                      0xd8d5f (size before relaxing)
 .debug_str     0x00000000000dec13      0x18e ./gecko_sdk_4.1.1/platform/service/device_init/src/sl_device_init_lfxo_s0.o
                                      0xd8e16 (size before relaxing)
 .debug_str     0x00000000000deda1       0x6d ./gecko_sdk_4.1.1/platform/service/device_init/src/sl_device_init_nvic.o
                                      0xd7c2f (size before relaxing)
 .debug_str     0x00000000000dee0e       0x5a ./gecko_sdk_4.1.1/platform/service/system/src/sl_system_init.o
                                       0x2dcd (size before relaxing)
 .debug_str     0x00000000000dee68       0x64 ./gecko_sdk_4.1.1/platform/service/system/src/sl_system_process_action.o
                                       0x2dfa (size before relaxing)

.debug_frame    0x0000000000000000     0x1064
 .debug_frame   0x0000000000000000       0x20 ./autogen/sl_board_default_init.o
 .debug_frame   0x0000000000000020       0x28 ./autogen/sl_device_init_clocks.o
 .debug_frame   0x0000000000000048       0xb0 ./autogen/sl_event_handler.o
 .debug_frame   0x00000000000000f8       0x44 ./main.o
 .debug_frame   0x000000000000013c       0xd0 ./spi.o
 .debug_frame   0x000000000000020c       0x40 ./usart.o
 .debug_frame   0x000000000000024c      0x100 ./gecko_sdk_4.1.1/hardware/board/src/sl_board_control_gpio.o
 .debug_frame   0x000000000000034c       0x3c ./gecko_sdk_4.1.1/hardware/board/src/sl_board_init.o
 .debug_frame   0x0000000000000388       0x38 ./gecko_sdk_4.1.1/platform/Device/SiliconLabs/EFM32GG/Source/startup_efm32gg.o
 .debug_frame   0x00000000000003c0       0xb8 ./gecko_sdk_4.1.1/platform/Device/SiliconLabs/EFM32GG/Source/system_efm32gg.o
 .debug_frame   0x0000000000000478       0x20 ./gecko_sdk_4.1.1/platform/common/src/sl_assert.o
 .debug_frame   0x0000000000000498       0x40 ./gecko_sdk_4.1.1/platform/common/toolchain/src/sl_memory.o
 .debug_frame   0x00000000000004d8      0x408 ./gecko_sdk_4.1.1/platform/emlib/src/em_cmu.o
 .debug_frame   0x00000000000008e0      0x244 ./gecko_sdk_4.1.1/platform/emlib/src/em_core.o
 .debug_frame   0x0000000000000b24      0x234 ./gecko_sdk_4.1.1/platform/emlib/src/em_emu.o
 .debug_frame   0x0000000000000d58      0x12c ./gecko_sdk_4.1.1/platform/emlib/src/em_gpio.o
 .debug_frame   0x0000000000000e84       0x50 ./gecko_sdk_4.1.1/platform/emlib/src/em_system.o
 .debug_frame   0x0000000000000ed4       0x28 ./gecko_sdk_4.1.1/platform/service/device_init/src/sl_device_init_emu_s0.o
 .debug_frame   0x0000000000000efc       0x28 ./gecko_sdk_4.1.1/platform/service/device_init/src/sl_device_init_hfxo_s0.o
 .debug_frame   0x0000000000000f24       0x2c ./gecko_sdk_4.1.1/platform/service/device_init/src/sl_device_init_lfxo_s0.o
 .debug_frame   0x0000000000000f50       0x28 ./gecko_sdk_4.1.1/platform/service/device_init/src/sl_device_init_nvic.o
 .debug_frame   0x0000000000000f78       0x2c ./gecko_sdk_4.1.1/platform/service/system/src/sl_system_init.o
 .debug_frame   0x0000000000000fa4       0x2c ./gecko_sdk_4.1.1/platform/service/system/src/sl_system_process_action.o
 .debug_frame   0x0000000000000fd0       0x28 /home/kasper/SimplicityStudio_v5/developer/toolchains/gnu_arm/10.3_2021.10/bin/../lib/gcc/arm-none-eabi/10.3.1/../../../../arm-none-eabi/lib/thumb/v7-m/nofp/libc_nano.a(lib_a-exit.o)
 .debug_frame   0x0000000000000ff8       0x2c /home/kasper/SimplicityStudio_v5/developer/toolchains/gnu_arm/10.3_2021.10/bin/../lib/gcc/arm-none-eabi/10.3.1/../../../../arm-none-eabi/lib/thumb/v7-m/nofp/libc_nano.a(lib_a-init.o)
 .debug_frame   0x0000000000001024       0x20 /home/kasper/SimplicityStudio_v5/developer/toolchains/gnu_arm/10.3_2021.10/bin/../lib/gcc/arm-none-eabi/10.3.1/../../../../arm-none-eabi/lib/thumb/v7-m/nofp/libc_nano.a(lib_a-memset.o)
 .debug_frame   0x0000000000001044       0x20 /home/kasper/SimplicityStudio_v5/developer/toolchains/gnu_arm/10.3_2021.10/bin/../lib/gcc/arm-none-eabi/10.3.1/../../../../arm-none-eabi/lib/thumb/v7-m/nofp/libnosys.a(_exit.o)

.debug_loc      0x0000000000000000     0x5600
 .debug_loc     0x0000000000000000       0x20 ./autogen/sl_device_init_clocks.o
 .debug_loc     0x0000000000000020       0x51 ./autogen/sl_event_handler.o
 .debug_loc     0x0000000000000071       0x65 ./main.o
 .debug_loc     0x00000000000000d6      0x835 ./spi.o
 .debug_loc     0x000000000000090b      0x102 ./usart.o
 .debug_loc     0x0000000000000a0d      0x24a ./gecko_sdk_4.1.1/hardware/board/src/sl_board_control_gpio.o
 .debug_loc     0x0000000000000c57       0x2c ./gecko_sdk_4.1.1/hardware/board/src/sl_board_init.o
 .debug_loc     0x0000000000000c83       0x8e ./gecko_sdk_4.1.1/platform/Device/SiliconLabs/EFM32GG/Source/startup_efm32gg.o
 .debug_loc     0x0000000000000d11       0xae ./gecko_sdk_4.1.1/platform/Device/SiliconLabs/EFM32GG/Source/system_efm32gg.o
 .debug_loc     0x0000000000000dbf       0x2a ./gecko_sdk_4.1.1/platform/common/src/sl_assert.o
 .debug_loc     0x0000000000000de9       0xa9 ./gecko_sdk_4.1.1/platform/common/toolchain/src/sl_memory.o
 .debug_loc     0x0000000000000e92     0x2a73 ./gecko_sdk_4.1.1/platform/emlib/src/em_cmu.o
 .debug_loc     0x0000000000003905      0x8d6 ./gecko_sdk_4.1.1/platform/emlib/src/em_core.o
 .debug_loc     0x00000000000041db      0x853 ./gecko_sdk_4.1.1/platform/emlib/src/em_emu.o
 .debug_loc     0x0000000000004a2e      0x94f ./gecko_sdk_4.1.1/platform/emlib/src/em_gpio.o
 .debug_loc     0x000000000000537d      0x138 ./gecko_sdk_4.1.1/platform/emlib/src/em_system.o
 .debug_loc     0x00000000000054b5       0x2c ./gecko_sdk_4.1.1/platform/service/device_init/src/sl_device_init_emu_s0.o
 .debug_loc     0x00000000000054e1       0x2c ./gecko_sdk_4.1.1/platform/service/device_init/src/sl_device_init_hfxo_s0.o
 .debug_loc     0x000000000000550d       0x2c ./gecko_sdk_4.1.1/platform/service/device_init/src/sl_device_init_lfxo_s0.o
 .debug_loc     0x0000000000005539       0x6f ./gecko_sdk_4.1.1/platform/service/device_init/src/sl_device_init_nvic.o
 .debug_loc     0x00000000000055a8       0x2c ./gecko_sdk_4.1.1/platform/service/system/src/sl_system_init.o
 .debug_loc     0x00000000000055d4       0x2c ./gecko_sdk_4.1.1/platform/service/system/src/sl_system_process_action.o
