Archive member included to satisfy reference by file (symbol)

/home/kasper/SimplicityStudio_v5/developer/toolchains/gnu_arm/10.3_2021.10/bin/../lib/gcc/arm-none-eabi/10.3.1/../../../../arm-none-eabi/lib/thumb/v7-m/nofp/libc_nano.a(lib_a-exit.o)
                              /home/kasper/SimplicityStudio_v5/developer/toolchains/gnu_arm/10.3_2021.10/bin/../lib/gcc/arm-none-eabi/10.3.1/../../../../arm-none-eabi/lib/thumb/v7-m/nofp/crt0.o (exit)
/home/kasper/SimplicityStudio_v5/developer/toolchains/gnu_arm/10.3_2021.10/bin/../lib/gcc/arm-none-eabi/10.3.1/../../../../arm-none-eabi/lib/thumb/v7-m/nofp/libc_nano.a(lib_a-impure.o)
                              /home/kasper/SimplicityStudio_v5/developer/toolchains/gnu_arm/10.3_2021.10/bin/../lib/gcc/arm-none-eabi/10.3.1/../../../../arm-none-eabi/lib/thumb/v7-m/nofp/libc_nano.a(lib_a-exit.o) (_global_impure_ptr)
/home/kasper/SimplicityStudio_v5/developer/toolchains/gnu_arm/10.3_2021.10/bin/../lib/gcc/arm-none-eabi/10.3.1/../../../../arm-none-eabi/lib/thumb/v7-m/nofp/libc_nano.a(lib_a-init.o)
                              /home/kasper/SimplicityStudio_v5/developer/toolchains/gnu_arm/10.3_2021.10/bin/../lib/gcc/arm-none-eabi/10.3.1/../../../../arm-none-eabi/lib/thumb/v7-m/nofp/crt0.o (__libc_init_array)
/home/kasper/SimplicityStudio_v5/developer/toolchains/gnu_arm/10.3_2021.10/bin/../lib/gcc/arm-none-eabi/10.3.1/../../../../arm-none-eabi/lib/thumb/v7-m/nofp/libc_nano.a(lib_a-memset.o)
                              /home/kasper/SimplicityStudio_v5/developer/toolchains/gnu_arm/10.3_2021.10/bin/../lib/gcc/arm-none-eabi/10.3.1/../../../../arm-none-eabi/lib/thumb/v7-m/nofp/crt0.o (memset)
/home/kasper/SimplicityStudio_v5/developer/toolchains/gnu_arm/10.3_2021.10/bin/../lib/gcc/arm-none-eabi/10.3.1/../../../../arm-none-eabi/lib/thumb/v7-m/nofp/libnosys.a(_exit.o)
                              /home/kasper/SimplicityStudio_v5/developer/toolchains/gnu_arm/10.3_2021.10/bin/../lib/gcc/arm-none-eabi/10.3.1/../../../../arm-none-eabi/lib/thumb/v7-m/nofp/libc_nano.a(lib_a-exit.o) (_exit)

Discarded input sections

 .text          0x0000000000000000        0x0 /home/kasper/SimplicityStudio_v5/developer/toolchains/gnu_arm/10.3_2021.10/bin/../lib/gcc/arm-none-eabi/10.3.1/thumb/v7-m/nofp/crti.o
 .data          0x0000000000000000        0x0 /home/kasper/SimplicityStudio_v5/developer/toolchains/gnu_arm/10.3_2021.10/bin/../lib/gcc/arm-none-eabi/10.3.1/thumb/v7-m/nofp/crti.o
 .bss           0x0000000000000000        0x0 /home/kasper/SimplicityStudio_v5/developer/toolchains/gnu_arm/10.3_2021.10/bin/../lib/gcc/arm-none-eabi/10.3.1/thumb/v7-m/nofp/crti.o
 .data          0x0000000000000000        0x4 /home/kasper/SimplicityStudio_v5/developer/toolchains/gnu_arm/10.3_2021.10/bin/../lib/gcc/arm-none-eabi/10.3.1/thumb/v7-m/nofp/crtbegin.o
 .rodata        0x0000000000000000       0x24 /home/kasper/SimplicityStudio_v5/developer/toolchains/gnu_arm/10.3_2021.10/bin/../lib/gcc/arm-none-eabi/10.3.1/thumb/v7-m/nofp/crtbegin.o
 .data          0x0000000000000000        0x0 /home/kasper/SimplicityStudio_v5/developer/toolchains/gnu_arm/10.3_2021.10/bin/../lib/gcc/arm-none-eabi/10.3.1/../../../../arm-none-eabi/lib/thumb/v7-m/nofp/crt0.o
 .bss           0x0000000000000000        0x0 /home/kasper/SimplicityStudio_v5/developer/toolchains/gnu_arm/10.3_2021.10/bin/../lib/gcc/arm-none-eabi/10.3.1/../../../../arm-none-eabi/lib/thumb/v7-m/nofp/crt0.o
 .ARM.extab     0x0000000000000000        0x0 /home/kasper/SimplicityStudio_v5/developer/toolchains/gnu_arm/10.3_2021.10/bin/../lib/gcc/arm-none-eabi/10.3.1/../../../../arm-none-eabi/lib/thumb/v7-m/nofp/crt0.o
 .group         0x0000000000000000        0xc ./autogen/sl_board_default_init.o
 .group         0x0000000000000000        0xc ./autogen/sl_board_default_init.o
 .group         0x0000000000000000        0xc ./autogen/sl_board_default_init.o
 .group         0x0000000000000000        0xc ./autogen/sl_board_default_init.o
 .group         0x0000000000000000        0xc ./autogen/sl_board_default_init.o
 .group         0x0000000000000000        0xc ./autogen/sl_board_default_init.o
 .group         0x0000000000000000        0xc ./autogen/sl_board_default_init.o
 .group         0x0000000000000000        0xc ./autogen/sl_board_default_init.o
 .group         0x0000000000000000        0xc ./autogen/sl_board_default_init.o
 .group         0x0000000000000000        0xc ./autogen/sl_board_default_init.o
 .text          0x0000000000000000        0x0 ./autogen/sl_board_default_init.o
 .data          0x0000000000000000        0x0 ./autogen/sl_board_default_init.o
 .bss           0x0000000000000000        0x0 ./autogen/sl_board_default_init.o
 .group         0x0000000000000000        0xc ./autogen/sl_device_init_clocks.o
 .group         0x0000000000000000        0xc ./autogen/sl_device_init_clocks.o
 .group         0x0000000000000000        0xc ./autogen/sl_device_init_clocks.o
 .group         0x0000000000000000        0xc ./autogen/sl_device_init_clocks.o
[...]
Memory Configuration

Name             Origin             Length             Attributes
FLASH            0x0000000000000000 0x0000000000100000 xr
RAM              0x0000000020000000 0x0000000000020000 xrw
*default*        0x0000000000000000 0xffffffffffffffff

Linker script and memory map

LOAD /home/kasper/SimplicityStudio_v5/developer/toolchains/gnu_arm/10.3_2021.10/bin/../lib/gcc/arm-none-eabi/10.3.1/thumb/v7-m/nofp/crti.o
LOAD /home/kasper/SimplicityStudio_v5/developer/toolchains/gnu_arm/10.3_2021.10/bin/../lib/gcc/arm-none-eabi/10.3.1/thumb/v7-m/nofp/crtbegin.o
LOAD /home/kasper/SimplicityStudio_v5/developer/toolchains/gnu_arm/10.3_2021.10/bin/../lib/gcc/arm-none-eabi/10.3.1/../../../../arm-none-eabi/lib/thumb/v7-m/nofp/crt0.o
START GROUP
LOAD ./autogen/sl_board_default_init.o
LOAD ./autogen/sl_device_init_clocks.o
LOAD ./autogen/sl_event_handler.o
LOAD ./gecko_sdk_4.1.1/hardware/board/src/sl_board_control_gpio.o
LOAD ./gecko_sdk_4.1.1/hardware/board/src/sl_board_init.o
LOAD ./gecko_sdk_4.1.1/platform/Device/SiliconLabs/EFM32GG/Source/startup_efm32gg.o
LOAD ./gecko_sdk_4.1.1/platform/Device/SiliconLabs/EFM32GG/Source/system_efm32gg.o
LOAD ./gecko_sdk_4.1.1/platform/common/src/sl_assert.o
LOAD ./gecko_sdk_4.1.1/platform/common/toolchain/src/sl_memory.o
LOAD ./gecko_sdk_4.1.1/platform/emlib/src/em_cmu.o
LOAD ./gecko_sdk_4.1.1/platform/emlib/src/em_core.o
LOAD ./gecko_sdk_4.1.1/platform/emlib/src/em_emu.o
LOAD ./gecko_sdk_4.1.1/platform/emlib/src/em_gpio.o
LOAD ./gecko_sdk_4.1.1/platform/emlib/src/em_msc.o
LOAD ./gecko_sdk_4.1.1/platform/emlib/src/em_system.o
LOAD ./gecko_sdk_4.1.1/platform/service/device_init/src/sl_device_init_emu_s0.o
LOAD ./gecko_sdk_4.1.1/platform/service/device_init/src/sl_device_init_hfxo_s0.o
LOAD ./gecko_sdk_4.1.1/platform/service/device_init/src/sl_device_init_lfxo_s0.o
LOAD ./gecko_sdk_4.1.1/platform/service/device_init/src/sl_device_init_nvic.o
LOAD ./gecko_sdk_4.1.1/platform/service/system/src/sl_system_init.o
LOAD ./gecko_sdk_4.1.1/platform/service/system/src/sl_system_process_action.o
LOAD ./main.o
LOAD ./spi.o
LOAD ./usart.o
LOAD /home/kasper/SimplicityStudio_v5/developer/toolchains/gnu_arm/10.3_2021.10/bin/../lib/gcc/arm-none-eabi/10.3.1/thumb/v7-m/nofp/libgcc.a
LOAD /home/kasper/SimplicityStudio_v5/developer/toolchains/gnu_arm/10.3_2021.10/bin/../lib/gcc/arm-none-eabi/10.3.1/../../../../arm-none-eabi/lib/thumb/v7-m/nofp/libc_nano.a
LOAD /home/kasper/SimplicityStudio_v5/developer/toolchains/gnu_arm/10.3_2021.10/bin/../lib/gcc/arm-none-eabi/10.3.1/../../../../arm-none-eabi/lib/thumb/v7-m/nofp/libm.a
LOAD /home/kasper/SimplicityStudio_v5/developer/toolchains/gnu_arm/10.3_2021.10/bin/../lib/gcc/arm-none-eabi/10.3.1/../../../../arm-none-eabi/lib/thumb/v7-m/nofp/libnosys.a
END GROUP
START GROUP
LOAD /home/kasper/SimplicityStudio_v5/developer/toolchains/gnu_arm/10.3_2021.10/bin/../lib/gcc/arm-none-eabi/10.3.1/thumb/v7-m/nofp/libgcc.a
LOAD /home/kasper/SimplicityStudio_v5/developer/toolchains/gnu_arm/10.3_2021.10/bin/../lib/gcc/arm-none-eabi/10.3.1/../../../../arm-none-eabi/lib/thumb/v7-m/nofp/libc_nano.a
LOAD /home/kasper/SimplicityStudio_v5/developer/toolchains/gnu_arm/10.3_2021.10/bin/../lib/gcc/arm-none-eabi/10.3.1/../../../../arm-none-eabi/lib/thumb/v7-m/nofp/libnosys.a
END GROUP
START GROUP
LOAD /home/kasper/SimplicityStudio_v5/developer/toolchains/gnu_arm/10.3_2021.10/bin/../lib/gcc/arm-none-eabi/10.3.1/thumb/v7-m/nofp/libgcc.a
LOAD /home/kasper/SimplicityStudio_v5/developer/toolchains/gnu_arm/10.3_2021.10/bin/../lib/gcc/arm-none-eabi/10.3.1/../../../../arm-none-eabi/lib/thumb/v7-m/nofp/libg_nano.a
LOAD /home/kasper/SimplicityStudio_v5/developer/toolchains/gnu_arm/10.3_2021.10/bin/../lib/gcc/arm-none-eabi/10.3.1/../../../../arm-none-eabi/lib/thumb/v7-m/nofp/libc_nano.a
END GROUP
START GROUP
LOAD /home/kasper/SimplicityStudio_v5/developer/toolchains/gnu_arm/10.3_2021.10/bin/../lib/gcc/arm-none-eabi/10.3.1/thumb/v7-m/nofp/libgcc.a
LOAD /home/kasper/SimplicityStudio_v5/developer/toolchains/gnu_arm/10.3_2021.10/bin/../lib/gcc/arm-none-eabi/10.3.1/../../../../arm-none-eabi/lib/thumb/v7-m/nofp/libc_nano.a
END GROUP
LOAD /home/kasper/SimplicityStudio_v5/developer/toolchains/gnu_arm/10.3_2021.10/bin/../lib/gcc/arm-none-eabi/10.3.1/thumb/v7-m/nofp/crtend.o
LOAD /home/kasper/SimplicityStudio_v5/developer/toolchains/gnu_arm/10.3_2021.10/bin/../lib/gcc/arm-none-eabi/10.3.1/thumb/v7-m/nofp/crtn.o

.text           0x0000000000000000     0x11dc
                0x0000000000000000                linker_vectors_begin = .
 *(.vectors)
 .vectors       0x0000000000000000       0xdc ./gecko_sdk_4.1.1/platform/Device/SiliconLabs/EFM32GG/Source/startup_efm32gg.o
                0x0000000000000000                __Vectors
                0x00000000000000dc                linker_vectors_end = .
                0x00000000000000dc                __Vectors_End = .
                0x00000000000000dc                __Vectors_Size = (__Vectors_End - __Vectors)
                0x00000000000000dc                linker_code_begin = .
 *(.text*)
 .text          0x00000000000000dc       0x40 /home/kasper/SimplicityStudio_v5/developer/toolchains/gnu_arm/10.3_2021.10/bin/../lib/gcc/arm-none-eabi/10.3.1/thumb/v7-m/nofp/crtbegin.o
 .text          0x000000000000011c       0x7c /home/kasper/SimplicityStudio_v5/developer/toolchains/gnu_arm/10.3_2021.10/bin/../lib/gcc/arm-none-eabi/10.3.1/../../../../arm-none-eabi/lib/thumb/v7-m/nofp/crt0.o
                0x000000000000011c                _stack_init
                0x0000000000000124                _mainCRTStartup
                0x0000000000000124                _start
 .text.sl_board_default_init
                0x0000000000000198        0x2 ./autogen/sl_board_default_init.o
                0x0000000000000198                sl_board_default_init
 *fill*         0x000000000000019a        0x2 
 .text.sl_device_init_clocks
                0x000000000000019c       0x34 ./autogen/sl_device_init_clocks.o
                0x000000000000019c                sl_device_init_clocks
 .text.sl_platform_init
                0x00000000000001d0       0x70 ./autogen/sl_event_handler.o
                0x00000000000001d0                sl_platform_init
 .text.sl_driver_init
                0x0000000000000240        0x2 ./autogen/sl_event_handler.o
                0x0000000000000240                sl_driver_init
 .text.sl_service_init
                0x0000000000000242        0x4 ./autogen/sl_event_handler.o
                0x0000000000000242                sl_service_init
 .text.sl_stack_init
                0x0000000000000246        0x2 ./autogen/sl_event_handler.o
                0x0000000000000246                sl_stack_init
 .text.sl_internal_app_init
                0x0000000000000248        0x2 ./autogen/sl_event_handler.o
                0x0000000000000248                sl_internal_app_init
 .text.sl_platform_process_action
                0x000000000000024a        0x2 ./autogen/sl_event_handler.o
                0x000000000000024a                sl_platform_process_action
 .text.sl_service_process_action
                0x000000000000024c        0x2 ./autogen/sl_event_handler.o
                0x000000000000024c                sl_service_process_action
 .text.sl_stack_process_action
                0x000000000000024e        0x2 ./autogen/sl_event_handler.o
                0x000000000000024e                sl_stack_process_action
 .text.sl_internal_app_process_action
                0x0000000000000250        0x2 ./autogen/sl_event_handler.o
                0x0000000000000250                sl_internal_app_process_action
 .text.sl_board_configure_vcom
                0x0000000000000252        0x4 ./gecko_sdk_4.1.1/hardware/board/src/sl_board_control_gpio.o
                0x0000000000000252                sl_board_configure_vcom
 *fill*         0x0000000000000256        0x2 
 .text.sl_board_init
                0x0000000000000258       0x18 ./gecko_sdk_4.1.1/hardware/board/src/sl_board_init.o
                0x0000000000000258                sl_board_init
 .text.sl_board_preinit
                0x0000000000000270        0xc ./gecko_sdk_4.1.1/hardware/board/src/sl_board_init.o
                0x0000000000000270                sl_board_preinit
 .text.Default_Handler
                0x000000000000027c        0x2 ./gecko_sdk_4.1.1/platform/Device/SiliconLabs/EFM32GG/Source/startup_efm32gg.o
                0x000000000000027c                TIMER2_IRQHandler
                0x000000000000027c                DebugMon_Handler
                0x000000000000027c                USART0_TX_IRQHandler
                0x000000000000027c                I2C0_IRQHandler
                0x000000000000027c                HardFault_Handler
                0x000000000000027c                LEUART1_IRQHandler
                0x000000000000027c                SysTick_Handler
                0x000000000000027c                PendSV_Handler
                0x000000000000027c                NMI_Handler
                0x000000000000027c                I2C1_IRQHandler
                0x000000000000027c                TIMER3_IRQHandler
                0x000000000000027c                MSC_IRQHandler
                0x000000000000027c                ADC0_IRQHandler
                0x000000000000027c                UsageFault_Handler
                0x000000000000027c                LEUART0_IRQHandler
                0x000000000000027c                GPIO_EVEN_IRQHandler
                0x000000000000027c                UART0_TX_IRQHandler
                0x000000000000027c                UART1_TX_IRQHandler
                0x000000000000027c                RTC_IRQHandler
                0x000000000000027c                TIMER0_IRQHandler
                0x000000000000027c                LCD_IRQHandler
                0x000000000000027c                PCNT2_IRQHandler
                0x000000000000027c                UART0_RX_IRQHandler
                0x000000000000027c                LETIMER0_IRQHandler
                0x000000000000027c                TIMER1_IRQHandler
                0x000000000000027c                Default_Handler
                0x000000000000027c                EMU_IRQHandler
                0x000000000000027c                PCNT0_IRQHandler
                0x000000000000027c                sl_app_properties
                0x000000000000027c                USB_IRQHandler
                0x000000000000027c                BURTC_IRQHandler
                0x000000000000027c                PCNT1_IRQHandler
                0x000000000000027c                ACMP0_IRQHandler
                0x000000000000027c                USART0_RX_IRQHandler
                0x000000000000027c                MemManage_Handler
                0x000000000000027c                SVC_Handler
                0x000000000000027c                DAC0_IRQHandler
                0x000000000000027c                UART1_RX_IRQHandler
                0x000000000000027c                CMU_IRQHandler
                0x000000000000027c                EBI_IRQHandler
                0x000000000000027c                GPIO_ODD_IRQHandler
                0x000000000000027c                LESENSE_IRQHandler
                0x000000000000027c                AES_IRQHandler
                0x000000000000027c                VCMP_IRQHandler
                0x000000000000027c                DMA_IRQHandler
                0x000000000000027c                BusFault_Handler
                0x000000000000027c                USART2_TX_IRQHandler
 *fill*         0x000000000000027e        0x2 
 .text.Reset_Handler
                0x0000000000000280       0x60 ./gecko_sdk_4.1.1/platform/Device/SiliconLabs/EFM32GG/Source/startup_efm32gg.o
                0x0000000000000280                Reset_Handler
 .text.SystemMaxCoreClockGet
                0x00000000000002e0        0x8 ./gecko_sdk_4.1.1/platform/Device/SiliconLabs/EFM32GG/Source/system_efm32gg.o
                0x00000000000002e0                SystemMaxCoreClockGet
 .text.SystemHFClockGet
                0x00000000000002e8       0xc8 ./gecko_sdk_4.1.1/platform/Device/SiliconLabs/EFM32GG/Source/system_efm32gg.o
                0x00000000000002e8                SystemHFClockGet
 .text.SystemCoreClockGet
                0x00000000000003b0       0x20 ./gecko_sdk_4.1.1/platform/Device/SiliconLabs/EFM32GG/Source/system_efm32gg.o
                0x00000000000003b0                SystemCoreClockGet
 .text.SystemHFXOClockGet
                0x00000000000003d0        0xc ./gecko_sdk_4.1.1/platform/Device/SiliconLabs/EFM32GG/Source/system_efm32gg.o
                0x00000000000003d0                SystemHFXOClockGet
 .text.SystemHFXOClockSet
                0x00000000000003dc       0x1c ./gecko_sdk_4.1.1/platform/Device/SiliconLabs/EFM32GG/Source/system_efm32gg.o
                0x00000000000003dc                SystemHFXOClockSet
 .text.SystemInit
                0x00000000000003f8       0x10 ./gecko_sdk_4.1.1/platform/Device/SiliconLabs/EFM32GG/Source/system_efm32gg.o
                0x00000000000003f8                SystemInit
 .text.assertEFM
                0x0000000000000408        0x2 ./gecko_sdk_4.1.1/platform/common/src/sl_assert.o
                0x0000000000000408                assertEFM
 *fill*         0x000000000000040a        0x2 
 .text.syncReg  0x000000000000040c       0x14 ./gecko_sdk_4.1.1/platform/emlib/src/em_cmu.o
 .text.maxFreqHfle
                0x0000000000000420       0x6c ./gecko_sdk_4.1.1/platform/emlib/src/em_cmu.o
 .text.setHfLeConfig
                0x000000000000048c       0x40 ./gecko_sdk_4.1.1/platform/emlib/src/em_cmu.o
 .text.flashWaitStateControl.constprop.0
                0x00000000000004cc       0x60 ./gecko_sdk_4.1.1/platform/emlib/src/em_cmu.o
 .text.flashWaitStateMax
                0x000000000000052c       0x24 ./gecko_sdk_4.1.1/platform/emlib/src/em_cmu.o
 .text.CMU_UpdateWaitStates
                0x0000000000000550       0x20 ./gecko_sdk_4.1.1/platform/emlib/src/em_cmu.o
                0x0000000000000550                CMU_UpdateWaitStates
 .text.CMU_ClockEnable
                0x0000000000000570       0x90 ./gecko_sdk_4.1.1/platform/emlib/src/em_cmu.o
                0x0000000000000570                CMU_ClockEnable
 .text.CMU_ClockSelectGet
                0x0000000000000600       0xcc ./gecko_sdk_4.1.1/platform/emlib/src/em_cmu.o
                0x0000000000000600                CMU_ClockSelectGet
 .text.CMU_HFXOInit
                0x00000000000006cc       0x50 ./gecko_sdk_4.1.1/platform/emlib/src/em_cmu.o
                0x00000000000006cc                CMU_HFXOInit
 .text.CMU_LFXOInit
                0x000000000000071c       0x74 ./gecko_sdk_4.1.1/platform/emlib/src/em_cmu.o
                0x000000000000071c                CMU_LFXOInit
 .text.CMU_LFXOPrecisionSet
                0x0000000000000790        0xc ./gecko_sdk_4.1.1/platform/emlib/src/em_cmu.o
                0x0000000000000790                CMU_LFXOPrecisionSet
 .text.CMU_OscillatorEnable
                0x000000000000079c       0x58 ./gecko_sdk_4.1.1/platform/emlib/src/em_cmu.o
                0x000000000000079c                CMU_OscillatorEnable
 .text.CMU_ClockSelectSet
                0x00000000000007f4      0x1c0 ./gecko_sdk_4.1.1/platform/emlib/src/em_cmu.o
                0x00000000000007f4                CMU_ClockSelectSet
 .text.CORE_EnterCritical
                0x00000000000009b4        0x8 ./gecko_sdk_4.1.1/platform/emlib/src/em_core.o
                0x00000000000009b4                CORE_EnterCritical
 .text.CORE_ExitCritical
                0x00000000000009bc        0x6 ./gecko_sdk_4.1.1/platform/emlib/src/em_core.o
                0x00000000000009bc                CORE_ExitCritical
 *fill*         0x00000000000009c2        0x2 
 .text.EMU_EM4Init
                0x00000000000009c4       0x30 ./gecko_sdk_4.1.1/platform/emlib/src/em_emu.o
                0x00000000000009c4                EMU_EM4Init
 .text.GPIO_PinOutSet
                0x00000000000009f4       0x44 ./gecko_sdk_4.1.1/platform/emlib/src/em_gpio.o
 .text.GPIO_PinOutClear
                0x0000000000000a38       0x44 ./gecko_sdk_4.1.1/platform/emlib/src/em_gpio.o
 .text.BUS_RegMaskedWrite
                0x0000000000000a7c       0x1e ./gecko_sdk_4.1.1/platform/emlib/src/em_gpio.o
 *fill*         0x0000000000000a9a        0x2 
 .text.GPIO_PinModeSet
                0x0000000000000a9c       0x94 ./gecko_sdk_4.1.1/platform/emlib/src/em_gpio.o
                0x0000000000000a9c                GPIO_PinModeSet
 .text.SYSTEM_ChipRevisionGet
                0x0000000000000b30       0x50 ./gecko_sdk_4.1.1/platform/emlib/src/em_system.o
                0x0000000000000b30                SYSTEM_ChipRevisionGet
 .text.sl_device_init_emu
                0x0000000000000b80       0x20 ./gecko_sdk_4.1.1/platform/service/device_init/src/sl_device_init_emu_s0.o
                0x0000000000000b80                sl_device_init_emu
 .text.sl_device_init_hfxo
                0x0000000000000ba0       0x24 ./gecko_sdk_4.1.1/platform/service/device_init/src/sl_device_init_hfxo_s0.o
                0x0000000000000ba0                sl_device_init_hfxo
 .text.sl_device_init_lfxo
                0x0000000000000bc4       0x24 ./gecko_sdk_4.1.1/platform/service/device_init/src/sl_device_init_lfxo_s0.o
                0x0000000000000bc4                sl_device_init_lfxo
 .text.sl_device_init_nvic
                0x0000000000000be8       0x3c ./gecko_sdk_4.1.1/platform/service/device_init/src/sl_device_init_nvic.o
                0x0000000000000be8                sl_device_init_nvic
 .text.sl_system_init
                0x0000000000000c24       0x1a ./gecko_sdk_4.1.1/platform/service/system/src/sl_system_init.o
                0x0000000000000c24                sl_system_init
 .text.sl_system_process_action
                0x0000000000000c3e       0x16 ./gecko_sdk_4.1.1/platform/service/system/src/sl_system_process_action.o
                0x0000000000000c3e                sl_system_process_action
 .text.init     0x0000000000000c54       0x34 ./main.o
                0x0000000000000c54                init
 .text.startup.main
                0x0000000000000c88       0x80 ./main.o
                0x0000000000000c88                main
 .text.SPI_setup
                0x0000000000000d08      0x1ba ./spi.o
                0x0000000000000d08                SPI_setup
 *fill*         0x0000000000000ec2        0x2 
 .text.SPI1_setupRXInt
                0x0000000000000ec4       0x40 ./spi.o
                0x0000000000000ec4                SPI1_setupRXInt
 .text.USART1_RX_IRQHandler
                0x0000000000000f04       0x38 ./spi.o
                0x0000000000000f04                USART1_RX_IRQHandler
 .text.USART1_TX_IRQHandler
                0x0000000000000f3c       0x44 ./spi.o
                0x0000000000000f3c                USART1_TX_IRQHandler
 .text.USART2_RX_IRQHandler
                0x0000000000000f80       0x40 ./spi.o
                0x0000000000000f80                USART2_RX_IRQHandler
 .text.USART1_sendBuffer
                0x0000000000000fc0       0x2c ./usart.o
                0x0000000000000fc0                USART1_sendBuffer
 .text.exit     0x0000000000000fec       0x28 /home/kasper/SimplicityStudio_v5/developer/toolchains/gnu_arm/10.3_2021.10/bin/../lib/gcc/arm-none-eabi/10.3.1/../../../../arm-none-eabi/lib/thumb/v7-m/nofp/libc_nano.a(lib_a-exit.o)
                0x0000000000000fec                exit
 .text.__libc_init_array
                0x0000000000001014       0x48 /home/kasper/SimplicityStudio_v5/developer/toolchains/gnu_arm/10.3_2021.10/bin/../lib/gcc/arm-none-eabi/10.3.1/../../../../arm-none-eabi/lib/thumb/v7-m/nofp/libc_nano.a(lib_a-init.o)
                0x0000000000001014                __libc_init_array
 .text.memset   0x000000000000105c       0x10 /home/kasper/SimplicityStudio_v5/developer/toolchains/gnu_arm/10.3_2021.10/bin/../lib/gcc/arm-none-eabi/10.3.1/../../../../arm-none-eabi/lib/thumb/v7-m/nofp/libc_nano.a(lib_a-memset.o)
                0x000000000000105c                memset
 .text._exit    0x000000000000106c        0x4 /home/kasper/SimplicityStudio_v5/developer/toolchains/gnu_arm/10.3_2021.10/bin/../lib/gcc/arm-none-eabi/10.3.1/../../../../arm-none-eabi/lib/thumb/v7-m/nofp/libnosys.a(_exit.o)
                0x000000000000106c                _exit
                0x0000000000001070                linker_code_end = .
 *(.init)
 .init          0x0000000000001070        0x4 /home/kasper/SimplicityStudio_v5/developer/toolchains/gnu_arm/10.3_2021.10/bin/../lib/gcc/arm-none-eabi/10.3.1/thumb/v7-m/nofp/crti.o
                0x0000000000001070                _init
 .init          0x0000000000001074        0x8 /home/kasper/SimplicityStudio_v5/developer/toolchains/gnu_arm/10.3_2021.10/bin/../lib/gcc/arm-none-eabi/10.3.1/thumb/v7-m/nofp/crtn.o
 *(.fini)
 .fini          0x000000000000107c        0x4 /home/kasper/SimplicityStudio_v5/developer/toolchains/gnu_arm/10.3_2021.10/bin/../lib/gcc/arm-none-eabi/10.3.1/thumb/v7-m/nofp/crti.o
                0x000000000000107c                _fini
 .fini          0x0000000000001080        0x8 /home/kasper/SimplicityStudio_v5/developer/toolchains/gnu_arm/10.3_2021.10/bin/../lib/gcc/arm-none-eabi/10.3.1/thumb/v7-m/nofp/crtn.o
 *crtbegin.o(.ctors)
 *crtbegin?.o(.ctors)
 *(EXCLUDE_FILE(*crtend.o *crtend?.o) .ctors)
 *(SORT_BY_NAME(.ctors.*))
 *(.ctors)
 *crtbegin.o(.dtors)
 *crtbegin?.o(.dtors)
 *(EXCLUDE_FILE(*crtend.o *crtend?.o) .dtors)
 *(SORT_BY_NAME(.dtors.*))
 *(.dtors)
 *(.rodata*)
 .rodata.auxClkGet.str1.1
                0x0000000000001088       0x49 ./gecko_sdk_4.1.1/platform/emlib/src/em_cmu.o
 .rodata.CSWTCH.42
                0x00000000000010d1        0x3 ./gecko_sdk_4.1.1/platform/emlib/src/em_cmu.o
 .rodata.CSWTCH.57
                0x00000000000010d4        0x5 ./gecko_sdk_4.1.1/platform/emlib/src/em_cmu.o
 *fill*         0x00000000000010d9        0x1 
 .rodata.CSWTCH.58
                0x00000000000010da        0xa ./gecko_sdk_4.1.1/platform/emlib/src/em_cmu.o
 .rodata.CSWTCH.59
                0x00000000000010e4        0xa ./gecko_sdk_4.1.1/platform/emlib/src/em_cmu.o
 .rodata.GPIO_PinOutSet.str1.1
                0x00000000000010ee       0x4b ./gecko_sdk_4.1.1/platform/emlib/src/em_gpio.o
 .rodata.GPIO_DbgLocationSet.str1.1
                0x0000000000001139       0x4a ./gecko_sdk_4.1.1/platform/emlib/src/em_gpio.o
 .rodata.SYSTEM_ChipRevisionGet.str1.1
                0x0000000000001183       0x4c ./gecko_sdk_4.1.1/platform/emlib/src/em_system.o
 .rodata        0x00000000000011cf        0x5 ./gecko_sdk_4.1.1/platform/service/device_init/src/sl_device_init_emu_s0.o
 .rodata        0x00000000000011d4        0x4 ./gecko_sdk_4.1.1/platform/service/device_init/src/sl_device_init_hfxo_s0.o
 .rodata._global_impure_ptr
                0x00000000000011d8        0x4 /home/kasper/SimplicityStudio_v5/developer/toolchains/gnu_arm/10.3_2021.10/bin/../lib/gcc/arm-none-eabi/10.3.1/../../../../arm-none-eabi/lib/thumb/v7-m/nofp/libc_nano.a(lib_a-impure.o)
                0x00000000000011d8                _global_impure_ptr
 *(.eh_frame*)
 .eh_frame      0x00000000000011dc        0x0 /home/kasper/SimplicityStudio_v5/developer/toolchains/gnu_arm/10.3_2021.10/bin/../lib/gcc/arm-none-eabi/10.3.1/thumb/v7-m/nofp/crtbegin.o

.glue_7         0x00000000000011dc        0x0
 .glue_7        0x00000000000011dc        0x0 linker stubs

.glue_7t        0x00000000000011dc        0x0
 .glue_7t       0x00000000000011dc        0x0 linker stubs

.vfp11_veneer   0x00000000000011dc        0x0
 .vfp11_veneer  0x00000000000011dc        0x0 linker stubs

.v4_bx          0x00000000000011dc        0x0
 .v4_bx         0x00000000000011dc        0x0 linker stubs

.iplt           0x00000000000011dc        0x0
 .iplt          0x00000000000011dc        0x0 /home/kasper/SimplicityStudio_v5/developer/toolchains/gnu_arm/10.3_2021.10/bin/../lib/gcc/arm-none-eabi/10.3.1/thumb/v7-m/nofp/crtbegin.o

.ARM.extab
 *(.ARM.extab* .gnu.linkonce.armextab.*)
                0x00000000000011dc                __exidx_start = .

.ARM.exidx      0x00000000000011dc        0x8
 *(.ARM.exidx* .gnu.linkonce.armexidx.*)
 .ARM.exidx     0x00000000000011dc        0x8 /home/kasper/SimplicityStudio_v5/developer/toolchains/gnu_arm/10.3_2021.10/bin/../lib/gcc/arm-none-eabi/10.3.1/../../../../arm-none-eabi/lib/thumb/v7-m/nofp/crt0.o
                                         0x10 (size before relaxing)
                0x00000000000011e4                __exidx_end = .

.rel.dyn        0x00000000000011e4        0x0
 .rel.iplt      0x00000000000011e4        0x0 /home/kasper/SimplicityStudio_v5/developer/toolchains/gnu_arm/10.3_2021.10/bin/../lib/gcc/arm-none-eabi/10.3.1/thumb/v7-m/nofp/crtbegin.o

.copy.table     0x00000000000011e4        0xc
                0x00000000000011e4                . = ALIGN (0x4)
                0x00000000000011e4                __copy_table_start__ = .
                0x00000000000011e4        0x4 LONG 0x11f0 __etext
                0x00000000000011e8        0x4 LONG 0x20001000 __data_start__
                0x00000000000011ec        0x4 LONG 0x4d ((__data_end__ - __data_start__) / 0x4)
                0x00000000000011f0                __copy_table_end__ = .

.zero.table     0x00000000000011f0        0x0
                0x00000000000011f0                . = ALIGN (0x4)
                0x00000000000011f0                __zero_table_start__ = .
                0x00000000000011f0                __zero_table_end__ = .
                0x00000000000011f0                __etext = .
                0x0000000020000000                . = ORIGIN (RAM)

.stack          0x0000000020000000     0x1000
                0x0000000020000000                __StackLimit = .
 *(.stack*)
 .stack         0x0000000020000000     0x1000 ./gecko_sdk_4.1.1/platform/common/toolchain/src/sl_memory.o
                0x0000000020001000                . = ALIGN (0x4)
                0x0000000020001000                __StackTop = .
                0x0000000020001000                PROVIDE (__stack = __StackTop)

.noinit
 *(.noinit*)

.data           0x0000000020001000      0x134 load address 0x00000000000011f0
                0x0000000020001000                . = ALIGN (0x4)
                0x0000000020001000                __data_start__ = .
 *(vtable)
 *(.data*)
 .data.SystemCoreClock
                0x0000000020001000        0x4 ./gecko_sdk_4.1.1/platform/Device/SiliconLabs/EFM32GG/Source/system_efm32gg.o
                0x0000000020001000                SystemCoreClock
 .data.SystemHFXOClock
                0x0000000020001004        0x4 ./gecko_sdk_4.1.1/platform/Device/SiliconLabs/EFM32GG/Source/system_efm32gg.o
 .data.SystemLFXOClock
                0x0000000020001008        0x4 ./gecko_sdk_4.1.1/platform/Device/SiliconLabs/EFM32GG/Source/system_efm32gg.o
 .data.lfxo_precision
                0x000000002000100c        0x2 ./gecko_sdk_4.1.1/platform/emlib/src/em_cmu.o
 .data.transmitBuffer
                0x000000002000100e       0xbb ./main.o
                0x000000002000100e                transmitBuffer
 *fill*         0x00000000200010c9        0x3 
 .data.impure_data
                0x00000000200010cc       0x60 /home/kasper/SimplicityStudio_v5/developer/toolchains/gnu_arm/10.3_2021.10/bin/../lib/gcc/arm-none-eabi/10.3.1/../../../../arm-none-eabi/lib/thumb/v7-m/nofp/libc_nano.a(lib_a-impure.o)
                0x000000002000112c                . = ALIGN (0x4)
                [!provide]                        PROVIDE (__ram_func_section_start = .)
 *(.ram)
                [!provide]                        PROVIDE (__ram_func_section_end = .)
                0x000000002000112c                . = ALIGN (0x4)
                0x000000002000112c                PROVIDE (__preinit_array_start = .)
 *(.preinit_array)
                0x000000002000112c                PROVIDE (__preinit_array_end = .)
                0x000000002000112c                . = ALIGN (0x4)
                0x000000002000112c                PROVIDE (__init_array_start = .)
 *(SORT_BY_NAME(.init_array.*))
 *(.init_array)
 .init_array    0x000000002000112c        0x4 /home/kasper/SimplicityStudio_v5/developer/toolchains/gnu_arm/10.3_2021.10/bin/../lib/gcc/arm-none-eabi/10.3.1/thumb/v7-m/nofp/crtbegin.o
                0x0000000020001130                PROVIDE (__init_array_end = .)
                0x0000000020001130                . = ALIGN (0x4)
                [!provide]                        PROVIDE (__fini_array_start = .)
 *(SORT_BY_NAME(.fini_array.*))
 *(.fini_array)
 .fini_array    0x0000000020001130        0x4 /home/kasper/SimplicityStudio_v5/developer/toolchains/gnu_arm/10.3_2021.10/bin/../lib/gcc/arm-none-eabi/10.3.1/thumb/v7-m/nofp/crtbegin.o
                [!provide]                        PROVIDE (__fini_array_end = .)
                0x0000000020001134                . = ALIGN (0x4)
                0x0000000020001134                __data_end__ = .

.igot.plt       0x0000000020001134        0x0 load address 0x0000000000001324
 .igot.plt      0x0000000020001134        0x0 /home/kasper/SimplicityStudio_v5/developer/toolchains/gnu_arm/10.3_2021.10/bin/../lib/gcc/arm-none-eabi/10.3.1/thumb/v7-m/nofp/crtbegin.o

.bss            0x0000000020001134       0x40 load address 0x0000000000001324
                0x0000000020001134                . = ALIGN (0x4)
                0x0000000020001134                __bss_start__ = .
 *(.bss*)
 .bss           0x0000000020001134       0x1c /home/kasper/SimplicityStudio_v5/developer/toolchains/gnu_arm/10.3_2021.10/bin/../lib/gcc/arm-none-eabi/10.3.1/thumb/v7-m/nofp/crtbegin.o
 .bss.masterRxBuffer
                0x0000000020001150        0x4 ./spi.o
                0x0000000020001150                masterRxBuffer
 .bss.masterRxBufferIndex
                0x0000000020001154        0x4 ./spi.o
                0x0000000020001154                masterRxBufferIndex
 .bss.masterRxBufferSize
                0x0000000020001158        0x4 ./spi.o
                0x0000000020001158                masterRxBufferSize
 .bss.slaveRxBuffer
                0x000000002000115c        0x4 ./spi.o
                0x000000002000115c                slaveRxBuffer
 .bss.slaveRxBufferIndex
                0x0000000020001160        0x4 ./spi.o
                0x0000000020001160                slaveRxBufferIndex
 .bss.slaveRxBufferSize
                0x0000000020001164        0x4 ./spi.o
                0x0000000020001164                slaveRxBufferSize
 .bss.slaveTxBuffer
                0x0000000020001168        0x4 ./spi.o
                0x0000000020001168                slaveTxBuffer
 .bss.slaveTxBufferIndex
                0x000000002000116c        0x4 ./spi.o
                0x000000002000116c                slaveTxBufferIndex
 .bss.slaveTxBufferSize
                0x0000000020001170        0x4 ./spi.o
                0x0000000020001170                slaveTxBufferSize
 *(COMMON)
                0x0000000020001174                . = ALIGN (0x4)
                0x0000000020001174                __bss_end__ = .

.heap           0x0000000020001178    0x1ee88
                0x0000000020001178                __HeapBase = .
                0x0000000020001178                __end__ = .
                0x0000000020001178                end = __end__
                0x0000000020001178                _end = __end__
 *(.heap*)
 .heap          0x0000000020001178      0x800 ./gecko_sdk_4.1.1/platform/common/toolchain/src/sl_memory.o
                0x0000000020020000                . = (ORIGIN (RAM) + LENGTH (RAM))
 *fill*         0x0000000020001978    0x1e688 
                0x0000000020020000                __HeapLimit = .
                0x000000000001ee88                __heap_size = (__HeapLimit - __HeapBase)
                0x0000000000100000                __main_flash_end__ = 0x100000

.internal_storage
                0x00000000000011f0        0x0
 *(.internal_storage*)

.nvm            0x00000000000011f0        0x0
 *(.simee*)
                0x0000000000100000                linker_nvm_end = __main_flash_end__
                0x0000000000100000                linker_nvm_begin = (linker_nvm_end - SIZEOF (.nvm))
                0x0000000000000000                linker_nvm_size = SIZEOF (.nvm)
                0x0000000000100000                linker_storage_end = linker_nvm_begin
                0x0000000000100000                __nvm3Base = linker_nvm_begin
                0x0000000000100000                linker_storage_begin = (linker_storage_end - SIZEOF (.internal_storage))
                0x0000000000000000                linker_storage_size = SIZEOF (.internal_storage)
                0x0000000000000001                ASSERT ((linker_storage_begin >= (__etext + SIZEOF (.data))), FLASH memory overflowed !)
OUTPUT(usart.axf elf32-littlearm)
LOAD linker stubs

.ARM.attributes
                0x0000000000000000       0x29
 .ARM.attributes
                0x0000000000000000       0x1d /home/kasper/SimplicityStudio_v5/developer/toolchains/gnu_arm/10.3_2021.10/bin/../lib/gcc/arm-none-eabi/10.3.1/thumb/v7-m/nofp/crti.o
 .ARM.attributes
                0x000000000000001d       0x2d /home/kasper/SimplicityStudio_v5/developer/toolchains/gnu_arm/10.3_2021.10/bin/../lib/gcc/arm-none-eabi/10.3.1/thumb/v7-m/nofp/crtbegin.o
 .ARM.attributes
                0x000000000000004a       0x1b /home/kasper/SimplicityStudio_v5/developer/toolchains/gnu_arm/10.3_2021.10/bin/../lib/gcc/arm-none-eabi/10.3.1/../../../../arm-none-eabi/lib/thumb/v7-m/nofp/crt0.o
 .ARM.attributes
                0x0000000000000065       0x2d ./autogen/sl_board_default_init.o
 .ARM.attributes
                0x0000000000000092       0x2d ./autogen/sl_device_init_clocks.o
 .ARM.attributes
                0x00000000000000bf       0x2d ./autogen/sl_event_handler.o
 .ARM.attributes
                0x00000000000000ec       0x2d ./gecko_sdk_4.1.1/hardware/board/src/sl_board_control_gpio.o
 .ARM.attributes
                0x0000000000000119       0x2d ./gecko_sdk_4.1.1/hardware/board/src/sl_board_init.o
 .ARM.attributes
                0x0000000000000146       0x2d ./gecko_sdk_4.1.1/platform/Device/SiliconLabs/EFM32GG/Source/startup_efm32gg.o
 .ARM.attributes
                0x0000000000000173       0x2d ./gecko_sdk_4.1.1/platform/Device/SiliconLabs/EFM32GG/Source/system_efm32gg.o
 .ARM.attributes
                0x00000000000001a0       0x2d ./gecko_sdk_4.1.1/platform/common/src/sl_assert.o
 .ARM.attributes
                0x00000000000001cd       0x2d ./gecko_sdk_4.1.1/platform/common/toolchain/src/sl_memory.o
 .ARM.attributes
                0x00000000000001fa       0x2d ./gecko_sdk_4.1.1/platform/emlib/src/em_cmu.o
 .ARM.attributes
                0x0000000000000227       0x2d ./gecko_sdk_4.1.1/platform/emlib/src/em_core.o
 .ARM.attributes
                0x0000000000000254       0x2d ./gecko_sdk_4.1.1/platform/emlib/src/em_emu.o
 .ARM.attributes
                0x0000000000000281       0x2d ./gecko_sdk_4.1.1/platform/emlib/src/em_gpio.o
 .ARM.attributes
                0x00000000000002ae       0x2d ./gecko_sdk_4.1.1/platform/emlib/src/em_system.o
 .ARM.attributes
                0x00000000000002db       0x2d ./gecko_sdk_4.1.1/platform/service/device_init/src/sl_device_init_emu_s0.o
 .ARM.attributes
                0x0000000000000308       0x2d ./gecko_sdk_4.1.1/platform/service/device_init/src/sl_device_init_hfxo_s0.o
 .ARM.attributes
                0x0000000000000335       0x2d ./gecko_sdk_4.1.1/platform/service/device_init/src/sl_device_init_lfxo_s0.o
 .ARM.attributes
                0x0000000000000362       0x2d ./gecko_sdk_4.1.1/platform/service/device_init/src/sl_device_init_nvic.o
 .ARM.attributes
                0x000000000000038f       0x2d ./gecko_sdk_4.1.1/platform/service/system/src/sl_system_init.o
 .ARM.attributes
                0x00000000000003bc       0x2d ./gecko_sdk_4.1.1/platform/service/system/src/sl_system_process_action.o
 .ARM.attributes
                0x00000000000003e9       0x2d ./main.o
 .ARM.attributes
                0x0000000000000416       0x2d ./spi.o
 .ARM.attributes
                0x0000000000000443       0x2d ./usart.o
 .ARM.attributes
                0x0000000000000470       0x2d /home/kasper/SimplicityStudio_v5/developer/toolchains/gnu_arm/10.3_2021.10/bin/../lib/gcc/arm-none-eabi/10.3.1/../../../../arm-none-eabi/lib/thumb/v7-m/nofp/libc_nano.a(lib_a-exit.o)
 .ARM.attributes
                0x000000000000049d       0x2d /home/kasper/SimplicityStudio_v5/developer/toolchains/gnu_arm/10.3_2021.10/bin/../lib/gcc/arm-none-eabi/10.3.1/../../../../arm-none-eabi/lib/thumb/v7-m/nofp/libc_nano.a(lib_a-impure.o)
 .ARM.attributes
                0x00000000000004ca       0x2d /home/kasper/SimplicityStudio_v5/developer/toolchains/gnu_arm/10.3_2021.10/bin/../lib/gcc/arm-none-eabi/10.3.1/../../../../arm-none-eabi/lib/thumb/v7-m/nofp/libc_nano.a(lib_a-init.o)
 .ARM.attributes
                0x00000000000004f7       0x2d /home/kasper/SimplicityStudio_v5/developer/toolchains/gnu_arm/10.3_2021.10/bin/../lib/gcc/arm-none-eabi/10.3.1/../../../../arm-none-eabi/lib/thumb/v7-m/nofp/libc_nano.a(lib_a-memset.o)
 .ARM.attributes
                0x0000000000000524       0x2d /home/kasper/SimplicityStudio_v5/developer/toolchains/gnu_arm/10.3_2021.10/bin/../lib/gcc/arm-none-eabi/10.3.1/../../../../arm-none-eabi/lib/thumb/v7-m/nofp/libnosys.a(_exit.o)
 .ARM.attributes
                0x0000000000000551       0x1d /home/kasper/SimplicityStudio_v5/developer/toolchains/gnu_arm/10.3_2021.10/bin/../lib/gcc/arm-none-eabi/10.3.1/thumb/v7-m/nofp/crtn.o

.comment        0x0000000000000000       0x49
 .comment       0x0000000000000000       0x49 ./autogen/sl_board_default_init.o
                                         0x4a (size before relaxing)
 .comment       0x0000000000000049       0x4a ./autogen/sl_device_init_clocks.o
 .comment       0x0000000000000049       0x4a ./autogen/sl_event_handler.o
 .comment       0x0000000000000049       0x4a ./gecko_sdk_4.1.1/hardware/board/src/sl_board_control_gpio.o
 .comment       0x0000000000000049       0x4a ./gecko_sdk_4.1.1/hardware/board/src/sl_board_init.o
 .comment       0x0000000000000049       0x4a ./gecko_sdk_4.1.1/platform/Device/SiliconLabs/EFM32GG/Source/startup_efm32gg.o
 .comment       0x0000000000000049       0x4a ./gecko_sdk_4.1.1/platform/Device/SiliconLabs/EFM32GG/Source/system_efm32gg.o
 .comment       0x0000000000000049       0x4a ./gecko_sdk_4.1.1/platform/common/src/sl_assert.o
 .comment       0x0000000000000049       0x4a ./gecko_sdk_4.1.1/platform/common/toolchain/src/sl_memory.o
 .comment       0x0000000000000049       0x4a ./gecko_sdk_4.1.1/platform/emlib/src/em_cmu.o
 .comment       0x0000000000000049       0x4a ./gecko_sdk_4.1.1/platform/emlib/src/em_core.o
 .comment       0x0000000000000049       0x4a ./gecko_sdk_4.1.1/platform/emlib/src/em_emu.o
 .comment       0x0000000000000049       0x4a ./gecko_sdk_4.1.1/platform/emlib/src/em_gpio.o
 .comment       0x0000000000000049       0x4a ./gecko_sdk_4.1.1/platform/emlib/src/em_system.o
 .comment       0x0000000000000049       0x4a ./gecko_sdk_4.1.1/platform/service/device_init/src/sl_device_init_emu_s0.o
 .comment       0x0000000000000049       0x4a ./gecko_sdk_4.1.1/platform/service/device_init/src/sl_device_init_hfxo_s0.o
 .comment       0x0000000000000049       0x4a ./gecko_sdk_4.1.1/platform/service/device_init/src/sl_device_init_lfxo_s0.o
 .comment       0x0000000000000049       0x4a ./gecko_sdk_4.1.1/platform/service/device_init/src/sl_device_init_nvic.o
 .comment       0x0000000000000049       0x4a ./gecko_sdk_4.1.1/platform/service/system/src/sl_system_init.o
 .comment       0x0000000000000049       0x4a ./gecko_sdk_4.1.1/platform/service/system/src/sl_system_process_action.o
 .comment       0x0000000000000049       0x4a ./main.o
 .comment       0x0000000000000049       0x4a ./spi.o
 .comment       0x0000000000000049       0x4a ./usart.o

.debug_info     0x0000000000000000     0xa0c9
 .debug_info    0x0000000000000000       0x8a ./autogen/sl_board_default_init.o
 .debug_info    0x000000000000008a      0x31e ./autogen/sl_device_init_clocks.o
 .debug_info    0x00000000000003a8      0x56f ./autogen/sl_event_handler.o
 .debug_info    0x0000000000000917      0x4c0 ./gecko_sdk_4.1.1/hardware/board/src/sl_board_control_gpio.o
 .debug_info    0x0000000000000dd7      0x290 ./gecko_sdk_4.1.1/hardware/board/src/sl_board_init.o
 .debug_info    0x0000000000001067      0x32a ./gecko_sdk_4.1.1/platform/Device/SiliconLabs/EFM32GG/Source/startup_efm32gg.o
 .debug_info    0x0000000000001391      0x82c ./gecko_sdk_4.1.1/platform/Device/SiliconLabs/EFM32GG/Source/system_efm32gg.o
 .debug_info    0x0000000000001bbd       0x8a ./gecko_sdk_4.1.1/platform/common/src/sl_assert.o
 .debug_info    0x0000000000001c47      0x209 ./gecko_sdk_4.1.1/platform/common/toolchain/src/sl_memory.o
 .debug_info    0x0000000000001e50     0x2900 ./gecko_sdk_4.1.1/platform/emlib/src/em_cmu.o
 .debug_info    0x0000000000004750     0x1160 ./gecko_sdk_4.1.1/platform/emlib/src/em_core.o
 .debug_info    0x00000000000058b0     0x15f3 ./gecko_sdk_4.1.1/platform/emlib/src/em_emu.o
 .debug_info    0x0000000000006ea3      0xa3f ./gecko_sdk_4.1.1/platform/emlib/src/em_gpio.o
 .debug_info    0x00000000000078e2      0x325 ./gecko_sdk_4.1.1/platform/emlib/src/em_system.o
 .debug_info    0x0000000000007c07      0x183 ./gecko_sdk_4.1.1/platform/service/device_init/src/sl_device_init_emu_s0.o
 .debug_info    0x0000000000007d8a      0x1b6 ./gecko_sdk_4.1.1/platform/service/device_init/src/sl_device_init_hfxo_s0.o
 .debug_info    0x0000000000007f40      0x1dd ./gecko_sdk_4.1.1/platform/service/device_init/src/sl_device_init_lfxo_s0.o
 .debug_info    0x000000000000811d      0x5cb ./gecko_sdk_4.1.1/platform/service/device_init/src/sl_device_init_nvic.o
 .debug_info    0x00000000000086e8       0xbe ./gecko_sdk_4.1.1/platform/service/system/src/sl_system_init.o
 .debug_info    0x00000000000087a6       0xa7 ./gecko_sdk_4.1.1/platform/service/system/src/sl_system_process_action.o
 .debug_info    0x000000000000884d      0x76d ./main.o
 .debug_info    0x0000000000008fba      0xe2b ./spi.o
 .debug_info    0x0000000000009de5      0x2e4 ./usart.o

.debug_abbrev   0x0000000000000000     0x2733
 .debug_abbrev  0x0000000000000000       0x49 ./autogen/sl_board_default_init.o
 .debug_abbrev  0x0000000000000049       0xca ./autogen/sl_device_init_clocks.o
 .debug_abbrev  0x0000000000000113      0x1ff ./autogen/sl_event_handler.o
 .debug_abbrev  0x0000000000000312      0x199 ./gecko_sdk_4.1.1/hardware/board/src/sl_board_control_gpio.o
 .debug_abbrev  0x00000000000004ab       0xeb ./gecko_sdk_4.1.1/hardware/board/src/sl_board_init.o
 .debug_abbrev  0x0000000000000596      0x1cc ./gecko_sdk_4.1.1/platform/Device/SiliconLabs/EFM32GG/Source/startup_efm32gg.o
 .debug_abbrev  0x0000000000000762      0x249 ./gecko_sdk_4.1.1/platform/Device/SiliconLabs/EFM32GG/Source/system_efm32gg.o
 .debug_abbrev  0x00000000000009ab       0x6f ./gecko_sdk_4.1.1/platform/common/src/sl_assert.o
 .debug_abbrev  0x0000000000000a1a      0x121 ./gecko_sdk_4.1.1/platform/common/toolchain/src/sl_memory.o
 .debug_abbrev  0x0000000000000b3b      0x4cc ./gecko_sdk_4.1.1/platform/emlib/src/em_cmu.o
 .debug_abbrev  0x0000000000001007      0x31b ./gecko_sdk_4.1.1/platform/emlib/src/em_core.o
 .debug_abbrev  0x0000000000001322      0x412 ./gecko_sdk_4.1.1/platform/emlib/src/em_emu.o
 .debug_abbrev  0x0000000000001734      0x2f2 ./gecko_sdk_4.1.1/platform/emlib/src/em_gpio.o
 .debug_abbrev  0x0000000000001a26      0x1b5 ./gecko_sdk_4.1.1/platform/emlib/src/em_system.o
 .debug_abbrev  0x0000000000001bdb       0xf4 ./gecko_sdk_4.1.1/platform/service/device_init/src/sl_device_init_emu_s0.o
 .debug_abbrev  0x0000000000001ccf      0x106 ./gecko_sdk_4.1.1/platform/service/device_init/src/sl_device_init_hfxo_s0.o
 .debug_abbrev  0x0000000000001dd5       0xf2 ./gecko_sdk_4.1.1/platform/service/device_init/src/sl_device_init_lfxo_s0.o
 .debug_abbrev  0x0000000000001ec7      0x156 ./gecko_sdk_4.1.1/platform/service/device_init/src/sl_device_init_nvic.o
 .debug_abbrev  0x000000000000201d       0x62 ./gecko_sdk_4.1.1/platform/service/system/src/sl_system_init.o
 .debug_abbrev  0x000000000000207f       0x62 ./gecko_sdk_4.1.1/platform/service/system/src/sl_system_process_action.o
 .debug_abbrev  0x00000000000020e1      0x229 ./main.o
 .debug_abbrev  0x000000000000230a      0x323 ./spi.o
 .debug_abbrev  0x000000000000262d      0x106 ./usart.o

.debug_aranges  0x0000000000000000      0x6b0
 .debug_aranges
                0x0000000000000000       0x20 ./autogen/sl_board_default_init.o
 .debug_aranges
                0x0000000000000020       0x20 ./autogen/sl_device_init_clocks.o
 .debug_aranges
                0x0000000000000040       0x30 ./autogen/sl_event_handler.o
 .debug_aranges
                0x0000000000000070       0x68 ./gecko_sdk_4.1.1/hardware/board/src/sl_board_control_gpio.o
 .debug_aranges
                0x00000000000000d8       0x28 ./gecko_sdk_4.1.1/hardware/board/src/sl_board_init.o
 .debug_aranges
                0x0000000000000100       0x28 ./gecko_sdk_4.1.1/platform/Device/SiliconLabs/EFM32GG/Source/startup_efm32gg.o
 .debug_aranges
                0x0000000000000128       0x68 ./gecko_sdk_4.1.1/platform/Device/SiliconLabs/EFM32GG/Source/system_efm32gg.o
 .debug_aranges
                0x0000000000000190       0x20 ./gecko_sdk_4.1.1/platform/common/src/sl_assert.o
 .debug_aranges
                0x00000000000001b0       0x30 ./gecko_sdk_4.1.1/platform/common/toolchain/src/sl_memory.o
 .debug_aranges
                0x00000000000001e0      0x140 ./gecko_sdk_4.1.1/platform/emlib/src/em_cmu.o
 .debug_aranges
                0x0000000000000320       0xe8 ./gecko_sdk_4.1.1/platform/emlib/src/em_core.o
 .debug_aranges
                0x0000000000000408       0xb0 ./gecko_sdk_4.1.1/platform/emlib/src/em_emu.o
 .debug_aranges
                0x00000000000004b8       0x60 ./gecko_sdk_4.1.1/platform/emlib/src/em_gpio.o
 .debug_aranges
                0x0000000000000518       0x30 ./gecko_sdk_4.1.1/platform/emlib/src/em_system.o
 .debug_aranges
                0x0000000000000548       0x20 ./gecko_sdk_4.1.1/platform/service/device_init/src/sl_device_init_emu_s0.o
 .debug_aranges
                0x0000000000000568       0x20 ./gecko_sdk_4.1.1/platform/service/device_init/src/sl_device_init_hfxo_s0.o
 .debug_aranges
                0x0000000000000588       0x20 ./gecko_sdk_4.1.1/platform/service/device_init/src/sl_device_init_lfxo_s0.o
 .debug_aranges
                0x00000000000005a8       0x20 ./gecko_sdk_4.1.1/platform/service/device_init/src/sl_device_init_nvic.o
 .debug_aranges
                0x00000000000005c8       0x20 ./gecko_sdk_4.1.1/platform/service/system/src/sl_system_init.o
 .debug_aranges
                0x00000000000005e8       0x20 ./gecko_sdk_4.1.1/platform/service/system/src/sl_system_process_action.o
 .debug_aranges
                0x0000000000000608       0x28 ./main.o
 .debug_aranges
                0x0000000000000630       0x58 ./spi.o
 .debug_aranges
                0x0000000000000688       0x28 ./usart.o

.debug_ranges   0x0000000000000000      0xb30
 .debug_ranges  0x0000000000000000       0x10 ./autogen/sl_board_default_init.o
 .debug_ranges  0x0000000000000010       0x10 ./autogen/sl_device_init_clocks.o
 .debug_ranges  0x0000000000000020       0x38 ./autogen/sl_event_handler.o
 .debug_ranges  0x0000000000000058       0x58 ./gecko_sdk_4.1.1/hardware/board/src/sl_board_control_gpio.o
 .debug_ranges  0x00000000000000b0       0x18 ./gecko_sdk_4.1.1/hardware/board/src/sl_board_init.o
 .debug_ranges  0x00000000000000c8       0x80 ./gecko_sdk_4.1.1/platform/Device/SiliconLabs/EFM32GG/Source/startup_efm32gg.o
 .debug_ranges  0x0000000000000148       0x88 ./gecko_sdk_4.1.1/platform/Device/SiliconLabs/EFM32GG/Source/system_efm32gg.o
 .debug_ranges  0x00000000000001d0       0x10 ./gecko_sdk_4.1.1/platform/common/src/sl_assert.o
 .debug_ranges  0x00000000000001e0       0x20 ./gecko_sdk_4.1.1/platform/common/toolchain/src/sl_memory.o
 .debug_ranges  0x0000000000000200      0x2e0 ./gecko_sdk_4.1.1/platform/emlib/src/em_cmu.o
 .debug_ranges  0x00000000000004e0      0x1a0 ./gecko_sdk_4.1.1/platform/emlib/src/em_core.o
 .debug_ranges  0x0000000000000680      0x180 ./gecko_sdk_4.1.1/platform/emlib/src/em_emu.o
 .debug_ranges  0x0000000000000800      0x100 ./gecko_sdk_4.1.1/platform/emlib/src/em_gpio.o
 .debug_ranges  0x0000000000000900       0x20 ./gecko_sdk_4.1.1/platform/emlib/src/em_system.o
 .debug_ranges  0x0000000000000920       0x10 ./gecko_sdk_4.1.1/platform/service/device_init/src/sl_device_init_emu_s0.o
 .debug_ranges  0x0000000000000930       0x10 ./gecko_sdk_4.1.1/platform/service/device_init/src/sl_device_init_hfxo_s0.o
 .debug_ranges  0x0000000000000940       0x10 ./gecko_sdk_4.1.1/platform/service/device_init/src/sl_device_init_lfxo_s0.o
 .debug_ranges  0x0000000000000950       0x58 ./gecko_sdk_4.1.1/platform/service/device_init/src/sl_device_init_nvic.o
 .debug_ranges  0x00000000000009a8       0x10 ./gecko_sdk_4.1.1/platform/service/system/src/sl_system_init.o
 .debug_ranges  0x00000000000009b8       0x10 ./gecko_sdk_4.1.1/platform/service/system/src/sl_system_process_action.o
 .debug_ranges  0x00000000000009c8       0x18 ./main.o
 .debug_ranges  0x00000000000009e0      0x138 ./spi.o
 .debug_ranges  0x0000000000000b18       0x18 ./usart.o

.debug_macro    0x0000000000000000    0x27dcb
 .debug_macro   0x0000000000000000       0x8e ./autogen/sl_board_default_init.o
 .debug_macro   0x000000000000008e      0xa78 ./autogen/sl_board_default_init.o
 .debug_macro   0x0000000000000b06       0x10 ./autogen/sl_board_default_init.o
 .debug_macro   0x0000000000000b16       0x22 ./autogen/sl_board_default_init.o
 .debug_macro   0x0000000000000b38       0x56 ./autogen/sl_board_default_init.o
 .debug_macro   0x0000000000000b8e       0x51 ./autogen/sl_board_default_init.o
 .debug_macro   0x0000000000000bdf      0x103 ./autogen/sl_board_default_init.o
 .debug_macro   0x0000000000000ce2       0x6a ./autogen/sl_board_default_init.o
 .debug_macro   0x0000000000000d4c      0x1df ./autogen/sl_board_default_init.o
 .debug_macro   0x0000000000000f2b      0x72f ./autogen/sl_board_default_init.o
 .debug_macro   0x000000000000165a       0x16 ./autogen/sl_board_default_init.o
 .debug_macro   0x0000000000001670      0x313 ./autogen/sl_device_init_clocks.o
 .debug_macro   0x0000000000001983      0x39b ./autogen/sl_device_init_clocks.o
 .debug_macro   0x0000000000001d1e       0x1c ./autogen/sl_device_init_clocks.o
 .debug_macro   0x0000000000001d3a       0x22 ./autogen/sl_device_init_clocks.o
 .debug_macro   0x0000000000001d5c       0xdf ./autogen/sl_device_init_clocks.o
 .debug_macro   0x0000000000001e3b      0xe2d ./autogen/sl_device_init_clocks.o
 .debug_macro   0x0000000000002c68      0x11f ./autogen/sl_device_init_clocks.o
 .debug_macro   0x0000000000002d87     0x2869 ./autogen/sl_device_init_clocks.o
 .debug_macro   0x00000000000055f0      0x39e ./autogen/sl_device_init_clocks.o
 .debug_macro   0x000000000000598e     0x3f12 ./autogen/sl_device_init_clocks.o
 .debug_macro   0x00000000000098a0      0x9a4 ./autogen/sl_device_init_clocks.o
 .debug_macro   0x000000000000a244      0x6eb ./autogen/sl_device_init_clocks.o
 .debug_macro   0x000000000000a92f      0x283 ./autogen/sl_device_init_clocks.o
 .debug_macro   0x000000000000abb2     0x1e37 ./autogen/sl_device_init_clocks.o
 .debug_macro   0x000000000000c9e9     0x30cb ./autogen/sl_device_init_clocks.o
 .debug_macro   0x000000000000fab4      0x37f ./autogen/sl_device_init_clocks.o
 .debug_macro   0x000000000000fe33      0x855 ./autogen/sl_device_init_clocks.o
 .debug_macro   0x0000000000010688     0x230f ./autogen/sl_device_init_clocks.o
 .debug_macro   0x0000000000012997     0x1bf6 ./autogen/sl_device_init_clocks.o
 .debug_macro   0x000000000001458d     0x1709 ./autogen/sl_device_init_clocks.o
 .debug_macro   0x0000000000015c96      0x6d8 ./autogen/sl_device_init_clocks.o
 .debug_macro   0x000000000001636e     0x106a ./autogen/sl_device_init_clocks.o
 .debug_macro   0x00000000000173d8     0x1d83 ./autogen/sl_device_init_clocks.o
 .debug_macro   0x000000000001915b      0x33d ./autogen/sl_device_init_clocks.o
 .debug_macro   0x0000000000019498      0xa66 ./autogen/sl_device_init_clocks.o
 .debug_macro   0x0000000000019efe      0xfe0 ./autogen/sl_device_init_clocks.o
 .debug_macro   0x000000000001aede      0x894 ./autogen/sl_device_init_clocks.o
 .debug_macro   0x000000000001b772      0xf85 ./autogen/sl_device_init_clocks.o
 .debug_macro   0x000000000001c6f7     0x12a5 ./autogen/sl_device_init_clocks.o
 .debug_macro   0x000000000001d99c      0xc4a ./autogen/sl_device_init_clocks.o
 .debug_macro   0x000000000001e5e6      0x74d ./autogen/sl_device_init_clocks.o
 .debug_macro   0x000000000001ed33      0x1c9 ./autogen/sl_device_init_clocks.o
 .debug_macro   0x000000000001eefc     0x1041 ./autogen/sl_device_init_clocks.o
 .debug_macro   0x000000000001ff3d      0x280 ./autogen/sl_device_init_clocks.o
 .debug_macro   0x00000000000201bd       0x40 ./autogen/sl_device_init_clocks.o
 .debug_macro   0x00000000000201fd      0x250 ./autogen/sl_device_init_clocks.o
 .debug_macro   0x000000000002044d      0x1f0 ./autogen/sl_device_init_clocks.o
 .debug_macro   0x000000000002063d      0x166 ./autogen/sl_device_init_clocks.o
 .debug_macro   0x00000000000207a3      0x252 ./autogen/sl_device_init_clocks.o
 .debug_macro   0x00000000000209f5     0x1bd7 ./autogen/sl_device_init_clocks.o
 .debug_macro   0x00000000000225cc       0x2e ./autogen/sl_device_init_clocks.o
 .debug_macro   0x00000000000225fa      0x427 ./autogen/sl_device_init_clocks.o
 .debug_macro   0x0000000000022a21      0x427 ./autogen/sl_device_init_clocks.o
 .debug_macro   0x0000000000022e48       0x22 ./autogen/sl_device_init_clocks.o
 .debug_macro   0x0000000000022e6a       0x10 ./autogen/sl_device_init_clocks.o
 .debug_macro   0x0000000000022e7a       0x8d ./autogen/sl_device_init_clocks.o
 .debug_macro   0x0000000000022f07       0x16 ./autogen/sl_device_init_clocks.o
 .debug_macro   0x0000000000022f1d       0x10 ./autogen/sl_device_init_clocks.o
 .debug_macro   0x0000000000022f2d       0xf6 ./autogen/sl_device_init_clocks.o
 .debug_macro   0x0000000000023023       0xbb ./autogen/sl_device_init_clocks.o
 .debug_macro   0x00000000000230de      0x33e ./autogen/sl_device_init_clocks.o
 .debug_macro   0x000000000002341c      0x34e ./autogen/sl_event_handler.o
 .debug_macro   0x000000000002376a      0x735 ./autogen/sl_event_handler.o
 .debug_macro   0x0000000000023e9f      0x303 ./gecko_sdk_4.1.1/hardware/board/src/sl_board_control_gpio.o
 .debug_macro   0x00000000000241a2       0x1c ./gecko_sdk_4.1.1/hardware/board/src/sl_board_control_gpio.o
 .debug_macro   0x00000000000241be      0x316 ./gecko_sdk_4.1.1/hardware/board/src/sl_board_init.o
 .debug_macro   0x00000000000244d4       0xc1 ./gecko_sdk_4.1.1/hardware/board/src/sl_board_init.o
 .debug_macro   0x0000000000024595      0x288 ./gecko_sdk_4.1.1/platform/Device/SiliconLabs/EFM32GG/Source/startup_efm32gg.o
 .debug_macro   0x000000000002481d      0x297 ./gecko_sdk_4.1.1/platform/Device/SiliconLabs/EFM32GG/Source/system_efm32gg.o
 .debug_macro   0x0000000000024ab4       0x2c ./gecko_sdk_4.1.1/platform/common/src/sl_assert.o
 .debug_macro   0x0000000000024ae0       0x92 ./gecko_sdk_4.1.1/platform/common/toolchain/src/sl_memory.o
 .debug_macro   0x0000000000024b72      0x16d ./gecko_sdk_4.1.1/platform/common/toolchain/src/sl_memory.o
 .debug_macro   0x0000000000024cdf       0x16 ./gecko_sdk_4.1.1/platform/common/toolchain/src/sl_memory.o
 .debug_macro   0x0000000000024cf5      0x3d7 ./gecko_sdk_4.1.1/platform/emlib/src/em_cmu.o
 .debug_macro   0x00000000000250cc       0x64 ./gecko_sdk_4.1.1/platform/emlib/src/em_cmu.o
 .debug_macro   0x0000000000025130      0x35d ./gecko_sdk_4.1.1/platform/emlib/src/em_cmu.o
 .debug_macro   0x000000000002548d       0x7c ./gecko_sdk_4.1.1/platform/emlib/src/em_cmu.o
 .debug_macro   0x0000000000025509       0x17 ./gecko_sdk_4.1.1/platform/emlib/src/em_cmu.o
 .debug_macro   0x0000000000025520       0xee ./gecko_sdk_4.1.1/platform/emlib/src/em_cmu.o
 .debug_macro   0x000000000002560e       0x1f ./gecko_sdk_4.1.1/platform/emlib/src/em_cmu.o
 .debug_macro   0x000000000002562d       0x34 ./gecko_sdk_4.1.1/platform/emlib/src/em_cmu.o
 .debug_macro   0x0000000000025661       0x34 ./gecko_sdk_4.1.1/platform/emlib/src/em_cmu.o
 .debug_macro   0x0000000000025695      0x2cd ./gecko_sdk_4.1.1/platform/emlib/src/em_core.o
 .debug_macro   0x0000000000025962      0x3ab ./gecko_sdk_4.1.1/platform/emlib/src/em_emu.o
 .debug_macro   0x0000000000025d0d       0x5e ./gecko_sdk_4.1.1/platform/emlib/src/em_emu.o
 .debug_macro   0x0000000000025d6b       0x5c ./gecko_sdk_4.1.1/platform/emlib/src/em_emu.o
 .debug_macro   0x0000000000025dc7       0x19 ./gecko_sdk_4.1.1/platform/emlib/src/em_emu.o
 .debug_macro   0x0000000000025de0      0x2ed ./gecko_sdk_4.1.1/platform/emlib/src/em_gpio.o
 .debug_macro   0x00000000000260cd      0x2b0 ./gecko_sdk_4.1.1/platform/emlib/src/em_system.o
 .debug_macro   0x000000000002637d      0x2f1 ./gecko_sdk_4.1.1/platform/service/device_init/src/sl_device_init_emu_s0.o
 .debug_macro   0x000000000002666e      0x31c ./gecko_sdk_4.1.1/platform/service/device_init/src/sl_device_init_hfxo_s0.o
 .debug_macro   0x000000000002698a       0x1c ./gecko_sdk_4.1.1/platform/service/device_init/src/sl_device_init_hfxo_s0.o
 .debug_macro   0x00000000000269a6      0x31c ./gecko_sdk_4.1.1/platform/service/device_init/src/sl_device_init_lfxo_s0.o
 .debug_macro   0x0000000000026cc2       0x22 ./gecko_sdk_4.1.1/platform/service/device_init/src/sl_device_init_lfxo_s0.o
 .debug_macro   0x0000000000026ce4      0x2ca ./gecko_sdk_4.1.1/platform/service/device_init/src/sl_device_init_nvic.o
 .debug_macro   0x0000000000026fae       0x24 ./gecko_sdk_4.1.1/platform/service/system/src/sl_system_init.o
 .debug_macro   0x0000000000026fd2       0x24 ./gecko_sdk_4.1.1/platform/service/system/src/sl_system_process_action.o
 .debug_macro   0x0000000000026ff6      0x3e0 ./main.o
 .debug_macro   0x00000000000273d6       0x18 ./main.o
 .debug_macro   0x00000000000273ee       0x35 ./main.o
 .debug_macro   0x0000000000027423       0x34 ./main.o
 .debug_macro   0x0000000000027457       0x16 ./main.o
 .debug_macro   0x000000000002746d       0x43 ./main.o
 .debug_macro   0x00000000000274b0       0x57 ./main.o
 .debug_macro   0x0000000000027507       0x34 ./main.o
 .debug_macro   0x000000000002753b       0x10 ./main.o
 .debug_macro   0x000000000002754b       0x58 ./main.o
 .debug_macro   0x00000000000275a3      0x182 ./main.o
 .debug_macro   0x0000000000027725       0x10 ./main.o
 .debug_macro   0x0000000000027735       0x35 ./main.o
 .debug_macro   0x000000000002776a       0x3a ./main.o
 .debug_macro   0x00000000000277a4      0x303 ./spi.o
 .debug_macro   0x0000000000027aa7      0x2f0 ./usart.o
 .debug_macro   0x0000000000027d97       0x34 ./usart.o

.debug_line     0x0000000000000000     0xef0d
 .debug_line    0x0000000000000000      0x375 ./autogen/sl_board_default_init.o
 .debug_line    0x0000000000000375      0x9c1 ./autogen/sl_device_init_clocks.o
 .debug_line    0x0000000000000d36      0xb31 ./autogen/sl_event_handler.o
 .debug_line    0x0000000000001867      0xb94 ./gecko_sdk_4.1.1/hardware/board/src/sl_board_control_gpio.o
 .debug_line    0x00000000000023fb      0xa11 ./gecko_sdk_4.1.1/hardware/board/src/sl_board_init.o
 .debug_line    0x0000000000002e0c      0x887 ./gecko_sdk_4.1.1/platform/Device/SiliconLabs/EFM32GG/Source/startup_efm32gg.o
 .debug_line    0x0000000000003693      0x9aa ./gecko_sdk_4.1.1/platform/Device/SiliconLabs/EFM32GG/Source/system_efm32gg.o
 .debug_line    0x000000000000403d      0x1cd ./gecko_sdk_4.1.1/platform/common/src/sl_assert.o
 .debug_line    0x000000000000420a      0x3e8 ./gecko_sdk_4.1.1/platform/common/toolchain/src/sl_memory.o
 .debug_line    0x00000000000045f2     0x2299 ./gecko_sdk_4.1.1/platform/emlib/src/em_cmu.o
 .debug_line    0x000000000000688b     0x106a ./gecko_sdk_4.1.1/platform/emlib/src/em_core.o
 .debug_line    0x00000000000078f5     0x1249 ./gecko_sdk_4.1.1/platform/emlib/src/em_emu.o
 .debug_line    0x0000000000008b3e      0xd7a ./gecko_sdk_4.1.1/platform/emlib/src/em_gpio.o
 .debug_line    0x00000000000098b8      0x965 ./gecko_sdk_4.1.1/platform/emlib/src/em_system.o
 .debug_line    0x000000000000a21d      0x9da ./gecko_sdk_4.1.1/platform/service/device_init/src/sl_device_init_emu_s0.o
 .debug_line    0x000000000000abf7      0xa26 ./gecko_sdk_4.1.1/platform/service/device_init/src/sl_device_init_hfxo_s0.o
 .debug_line    0x000000000000b61d      0xa2f ./gecko_sdk_4.1.1/platform/service/device_init/src/sl_device_init_lfxo_s0.o
 .debug_line    0x000000000000c04c      0x9bd ./gecko_sdk_4.1.1/platform/service/device_init/src/sl_device_init_nvic.o
 .debug_line    0x000000000000ca09      0x153 ./gecko_sdk_4.1.1/platform/service/system/src/sl_system_init.o
 .debug_line    0x000000000000cb5c      0x15c ./gecko_sdk_4.1.1/platform/service/system/src/sl_system_process_action.o
 .debug_line    0x000000000000ccb8      0xb0d ./main.o
 .debug_line    0x000000000000d7c5      0xd02 ./spi.o
 .debug_line    0x000000000000e4c7      0xa46 ./usart.o

.debug_str      0x0000000000000000    0xdeece
 .debug_str     0x0000000000000000     0x7740 ./autogen/sl_board_default_init.o
                                       0x78a0 (size before relaxing)
 .debug_str     0x0000000000007740    0xd122b ./autogen/sl_device_init_clocks.o
                                      0xd8f20 (size before relaxing)
 .debug_str     0x00000000000d896b      0x37b ./autogen/sl_event_handler.o
                                      0xd83b4 (size before relaxing)
 .debug_str     0x00000000000d8ce6      0x502 ./gecko_sdk_4.1.1/hardware/board/src/sl_board_control_gpio.o
                                      0xd852d (size before relaxing)
 .debug_str     0x00000000000d91e8       0x50 ./gecko_sdk_4.1.1/hardware/board/src/sl_board_init.o
                                      0xd8ed3 (size before relaxing)
 .debug_str     0x00000000000d9238      0x162 ./gecko_sdk_4.1.1/platform/Device/SiliconLabs/EFM32GG/Source/startup_efm32gg.o
                                      0xd317f (size before relaxing)
 .debug_str     0x00000000000d939a      0x305 ./gecko_sdk_4.1.1/platform/Device/SiliconLabs/EFM32GG/Source/system_efm32gg.o
                                      0xd33eb (size before relaxing)
 .debug_str     0x00000000000d969f       0x52 ./gecko_sdk_4.1.1/platform/common/src/sl_assert.o
                                       0x2dfe (size before relaxing)
 .debug_str     0x00000000000d96f1      0x3d4 ./gecko_sdk_4.1.1/platform/common/toolchain/src/sl_memory.o
                                       0x3fee (size before relaxing)
 .debug_str     0x00000000000d9ac5     0x28c4 ./gecko_sdk_4.1.1/platform/emlib/src/em_cmu.o
                                      0xd8184 (size before relaxing)
 .debug_str     0x00000000000dc389      0x5de ./gecko_sdk_4.1.1/platform/emlib/src/em_core.o
                                      0xd431d (size before relaxing)
 .debug_str     0x00000000000dc967      0x600 ./gecko_sdk_4.1.1/platform/emlib/src/em_emu.o
                                      0xd7aa0 (size before relaxing)
 .debug_str     0x00000000000dcf67      0x2aa ./gecko_sdk_4.1.1/platform/emlib/src/em_gpio.o
                                      0xd487a (size before relaxing)
 .debug_str     0x00000000000dd211      0x1c6 ./gecko_sdk_4.1.1/platform/emlib/src/em_system.o
                                      0xd35c4 (size before relaxing)
 .debug_str     0x00000000000dd3d7       0x6f ./gecko_sdk_4.1.1/platform/service/device_init/src/sl_device_init_emu_s0.o
                                      0xd7a75 (size before relaxing)
 .debug_str     0x00000000000dd446      0x131 ./gecko_sdk_4.1.1/platform/service/device_init/src/sl_device_init_hfxo_s0.o
                                      0xd8d61 (size before relaxing)
 .debug_str     0x00000000000dd577      0x18e ./gecko_sdk_4.1.1/platform/service/device_init/src/sl_device_init_lfxo_s0.o
                                      0xd8e18 (size before relaxing)
 .debug_str     0x00000000000dd705       0x6d ./gecko_sdk_4.1.1/platform/service/device_init/src/sl_device_init_nvic.o
                                      0xd7c31 (size before relaxing)
 .debug_str     0x00000000000dd772       0x69 ./gecko_sdk_4.1.1/platform/service/system/src/sl_system_init.o
                                       0x2dcf (size before relaxing)
 .debug_str     0x00000000000dd7db       0x7d ./gecko_sdk_4.1.1/platform/service/system/src/sl_system_process_action.o
                                       0x2dfc (size before relaxing)
 .debug_str     0x00000000000dd858     0x13af ./main.o
                                      0xd8022 (size before relaxing)
 .debug_str     0x00000000000dec07      0x290 ./spi.o
                                      0xd4b7d (size before relaxing)
 .debug_str     0x00000000000dee97       0x37 ./usart.o
                                      0xd44de (size before relaxing)

.debug_frame    0x0000000000000000     0x1064
 .debug_frame   0x0000000000000000       0x20 ./autogen/sl_board_default_init.o
 .debug_frame   0x0000000000000020       0x28 ./autogen/sl_device_init_clocks.o
 .debug_frame   0x0000000000000048       0xb0 ./autogen/sl_event_handler.o
 .debug_frame   0x00000000000000f8      0x100 ./gecko_sdk_4.1.1/hardware/board/src/sl_board_control_gpio.o
 .debug_frame   0x00000000000001f8       0x3c ./gecko_sdk_4.1.1/hardware/board/src/sl_board_init.o
 .debug_frame   0x0000000000000234       0x38 ./gecko_sdk_4.1.1/platform/Device/SiliconLabs/EFM32GG/Source/startup_efm32gg.o
 .debug_frame   0x000000000000026c       0xb8 ./gecko_sdk_4.1.1/platform/Device/SiliconLabs/EFM32GG/Source/system_efm32gg.o
 .debug_frame   0x0000000000000324       0x20 ./gecko_sdk_4.1.1/platform/common/src/sl_assert.o
 .debug_frame   0x0000000000000344       0x40 ./gecko_sdk_4.1.1/platform/common/toolchain/src/sl_memory.o
 .debug_frame   0x0000000000000384      0x408 ./gecko_sdk_4.1.1/platform/emlib/src/em_cmu.o
 .debug_frame   0x000000000000078c      0x244 ./gecko_sdk_4.1.1/platform/emlib/src/em_core.o
 .debug_frame   0x00000000000009d0      0x234 ./gecko_sdk_4.1.1/platform/emlib/src/em_emu.o
 .debug_frame   0x0000000000000c04      0x12c ./gecko_sdk_4.1.1/platform/emlib/src/em_gpio.o
 .debug_frame   0x0000000000000d30       0x50 ./gecko_sdk_4.1.1/platform/emlib/src/em_system.o
 .debug_frame   0x0000000000000d80       0x28 ./gecko_sdk_4.1.1/platform/service/device_init/src/sl_device_init_emu_s0.o
 .debug_frame   0x0000000000000da8       0x28 ./gecko_sdk_4.1.1/platform/service/device_init/src/sl_device_init_hfxo_s0.o
 .debug_frame   0x0000000000000dd0       0x2c ./gecko_sdk_4.1.1/platform/service/device_init/src/sl_device_init_lfxo_s0.o
 .debug_frame   0x0000000000000dfc       0x28 ./gecko_sdk_4.1.1/platform/service/device_init/src/sl_device_init_nvic.o
 .debug_frame   0x0000000000000e24       0x2c ./gecko_sdk_4.1.1/platform/service/system/src/sl_system_init.o
 .debug_frame   0x0000000000000e50       0x2c ./gecko_sdk_4.1.1/platform/service/system/src/sl_system_process_action.o
 .debug_frame   0x0000000000000e7c       0x44 ./main.o
 .debug_frame   0x0000000000000ec0       0xd0 ./spi.o
 .debug_frame   0x0000000000000f90       0x40 ./usart.o
 .debug_frame   0x0000000000000fd0       0x28 /home/kasper/SimplicityStudio_v5/developer/toolchains/gnu_arm/10.3_2021.10/bin/../lib/gcc/arm-none-eabi/10.3.1/../../../../arm-none-eabi/lib/thumb/v7-m/nofp/libc_nano.a(lib_a-exit.o)
 .debug_frame   0x0000000000000ff8       0x2c /home/kasper/SimplicityStudio_v5/developer/toolchains/gnu_arm/10.3_2021.10/bin/../lib/gcc/arm-none-eabi/10.3.1/../../../../arm-none-eabi/lib/thumb/v7-m/nofp/libc_nano.a(lib_a-init.o)
 .debug_frame   0x0000000000001024       0x20 /home/kasper/SimplicityStudio_v5/developer/toolchains/gnu_arm/10.3_2021.10/bin/../lib/gcc/arm-none-eabi/10.3.1/../../../../arm-none-eabi/lib/thumb/v7-m/nofp/libc_nano.a(lib_a-memset.o)
 .debug_frame   0x0000000000001044       0x20 /home/kasper/SimplicityStudio_v5/developer/toolchains/gnu_arm/10.3_2021.10/bin/../lib/gcc/arm-none-eabi/10.3.1/../../../../arm-none-eabi/lib/thumb/v7-m/nofp/libnosys.a(_exit.o)

.debug_loc      0x0000000000000000     0x5600
 .debug_loc     0x0000000000000000       0x20 ./autogen/sl_device_init_clocks.o
 .debug_loc     0x0000000000000020       0x51 ./autogen/sl_event_handler.o
 .debug_loc     0x0000000000000071      0x24a ./gecko_sdk_4.1.1/hardware/board/src/sl_board_control_gpio.o
 .debug_loc     0x00000000000002bb       0x2c ./gecko_sdk_4.1.1/hardware/board/src/sl_board_init.o
 .debug_loc     0x00000000000002e7       0x8e ./gecko_sdk_4.1.1/platform/Device/SiliconLabs/EFM32GG/Source/startup_efm32gg.o
 .debug_loc     0x0000000000000375       0xae ./gecko_sdk_4.1.1/platform/Device/SiliconLabs/EFM32GG/Source/system_efm32gg.o
 .debug_loc     0x0000000000000423       0x2a ./gecko_sdk_4.1.1/platform/common/src/sl_assert.o
 .debug_loc     0x000000000000044d       0xa9 ./gecko_sdk_4.1.1/platform/common/toolchain/src/sl_memory.o
 .debug_loc     0x00000000000004f6     0x2a73 ./gecko_sdk_4.1.1/platform/emlib/src/em_cmu.o
 .debug_loc     0x0000000000002f69      0x8d6 ./gecko_sdk_4.1.1/platform/emlib/src/em_core.o
 .debug_loc     0x000000000000383f      0x853 ./gecko_sdk_4.1.1/platform/emlib/src/em_emu.o
 .debug_loc     0x0000000000004092      0x94f ./gecko_sdk_4.1.1/platform/emlib/src/em_gpio.o
 .debug_loc     0x00000000000049e1      0x138 ./gecko_sdk_4.1.1/platform/emlib/src/em_system.o
 .debug_loc     0x0000000000004b19       0x2c ./gecko_sdk_4.1.1/platform/service/device_init/src/sl_device_init_emu_s0.o
 .debug_loc     0x0000000000004b45       0x2c ./gecko_sdk_4.1.1/platform/service/device_init/src/sl_device_init_hfxo_s0.o
 .debug_loc     0x0000000000004b71       0x2c ./gecko_sdk_4.1.1/platform/service/device_init/src/sl_device_init_lfxo_s0.o
 .debug_loc     0x0000000000004b9d       0x6f ./gecko_sdk_4.1.1/platform/service/device_init/src/sl_device_init_nvic.o
 .debug_loc     0x0000000000004c0c       0x2c ./gecko_sdk_4.1.1/platform/service/system/src/sl_system_init.o
 .debug_loc     0x0000000000004c38       0x2c ./gecko_sdk_4.1.1/platform/service/system/src/sl_system_process_action.o
 .debug_loc     0x0000000000004c64       0x65 ./main.o
 .debug_loc     0x0000000000004cc9      0x835 ./spi.o
 .debug_loc     0x00000000000054fe      0x102 ./usart.o
